**
(lecture.tex
LaTeX2e <2021-11-15> patch level 1
L3 programming layer <2022-02-24> (article.cls
Document Class: article 2021/10/04 v1.4n Standard LaTeX document class
(size10.clo
File: size10.clo 2021/10/04 v1.4n Standard LaTeX file (size option)
)
\c@part=\count181
\c@section=\count182
\c@subsection=\count183
\c@subsubsection=\count184
\c@paragraph=\count185
\c@subparagraph=\count186
\c@figure=\count187
\c@table=\count188
\abovecaptionskip=\skip47
\belowcaptionskip=\skip48
\bibindent=\dimen138
) (amsmath.sty
Package: amsmath 2021/10/15 v2.17l AMS math features
\@mathmargin=\skip49

For additional information on amsmath, use the `?' option.
(amstext.sty
Package: amstext 2021/08/26 v2.01 AMS text
 (amsgen.sty
File: amsgen.sty 1999/11/30 v2.0 generic functions
\@emptytoks=\toks16
\ex@=\dimen139
)) (amsbsy.sty
Package: amsbsy 1999/11/29 v1.2d Bold Symbols
\pmbraise@=\dimen140
) (amsopn.sty
Package: amsopn 2021/08/26 v2.02 operator names
)
\inf@bad=\count189
LaTeX Info: Redefining \frac on input line 234.
\uproot@=\count190
\leftroot@=\count191
LaTeX Info: Redefining \overline on input line 399.
\classnum@=\count192
\DOTSCASE@=\count193
LaTeX Info: Redefining \ldots on input line 496.
LaTeX Info: Redefining \dots on input line 499.
LaTeX Info: Redefining \cdots on input line 620.
\Mathstrutbox@=\box50
\strutbox@=\box51
\big@size=\dimen141
LaTeX Font Info:    Redeclaring font encoding OML on input line 743.
LaTeX Font Info:    Redeclaring font encoding OMS on input line 744.
\macc@depth=\count194
\c@MaxMatrixCols=\count195
\dotsspace@=\muskip16
\c@parentequation=\count196
\dspbrk@lvl=\count197
\tag@help=\toks17
\row@=\count198
\column@=\count199
\maxfields@=\count266
\andhelp@=\toks18
\eqnshift@=\dimen142
\alignsep@=\dimen143
\tagshift@=\dimen144
\tagwidth@=\dimen145
\totwidth@=\dimen146
\lineht@=\dimen147
\@envbody=\toks19
\multlinegap=\skip50
\multlinetaggap=\skip51
\mathdisplay@stack=\toks20
LaTeX Info: Redefining \[ on input line 2938.
LaTeX Info: Redefining \] on input line 2939.
) (amssymb.sty
Package: amssymb 2013/01/14 v3.01 AMS font symbols

(amsfonts.sty
Package: amsfonts 2013/01/14 v3.01 Basic AMSFonts support
\symAMSa=\mathgroup4
\symAMSb=\mathgroup5
LaTeX Font Info:    Redeclaring math symbol \hbar on input line 98.
LaTeX Font Info:    Overwriting math alphabet `\mathfrak' in version `bold'
(Font)                  U/euf/m/n --> U/euf/b/n on input line 106.
)) (fontspec.sty (xparse.sty (expl3.sty
Package: expl3 2022-02-24 L3 programming layer (loader) 
 (l3backend-xetex.def
File: l3backend-xetex.def 2022-02-07 L3 backend support: XeTeX
\c__kernel_sys_dvipdfmx_version_int=\count267
\l__color_backend_stack_int=\count268
\g__color_backend_stack_int=\count269
\g__graphics_track_int=\count270
\l__pdf_internal_box=\box52
\g__pdf_backend_object_int=\count271
\g__pdf_backend_annotation_int=\count272
\g__pdf_backend_link_int=\count273
))
Package: xparse 2022-01-12 L3 Experimental document command parser
)
Package: fontspec 2022/01/15 v2.8a Font selection for XeLaTeX and LuaLaTeX

(fontspec-xetex.sty
Package: fontspec-xetex 2022/01/15 v2.8a Font selection for XeLaTeX and LuaLaTe
X
\l__fontspec_script_int=\count274
\l__fontspec_language_int=\count275
\l__fontspec_strnum_int=\count276
\l__fontspec_tmp_int=\count277
\l__fontspec_tmpa_int=\count278
\l__fontspec_tmpb_int=\count279
\l__fontspec_tmpc_int=\count280
\l__fontspec_em_int=\count281
\l__fontspec_emdef_int=\count282
\l__fontspec_strong_int=\count283
\l__fontspec_strongdef_int=\count284
\l__fontspec_tmpa_dim=\dimen148
\l__fontspec_tmpb_dim=\dimen149
\l__fontspec_tmpc_dim=\dimen150
 (fontenc.sty
Package: fontenc 2021/04/29 v2.0v Standard LaTeX package
) (fontspec.cfg)))

Package fontspec Info: Font family 'TimesNewRoman(0)' created for font 'Times
(fontspec)             New Roman' with options [Ligatures=TeX].
(fontspec)              
(fontspec)              This font family consists of the following NFSS
(fontspec)             series/shapes:
(fontspec)              
(fontspec)             - 'normal' (m/n) with NFSS spec.: <->"Times New
(fontspec)             Roman/OT:script=latn;language=dflt;mapping=tex-text;"
(fontspec)             - 'small caps'  (m/sc) with NFSS spec.: 
(fontspec)             - 'bold' (b/n) with NFSS spec.: <->"Times New
(fontspec)             Roman/B/OT:script=latn;language=dflt;mapping=tex-text;"
(fontspec)             - 'bold small caps'  (b/sc) with NFSS spec.: 
(fontspec)             - 'italic' (m/it) with NFSS spec.: <->"Times New
(fontspec)             Roman/I/OT:script=latn;language=dflt;mapping=tex-text;"
(fontspec)             - 'italic small caps'  (m/scit) with NFSS spec.: 
(fontspec)             - 'bold italic' (b/it) with NFSS spec.: <->"Times New
(fontspec)             Roman/BI/OT:script=latn;language=dflt;mapping=tex-text;"

(fontspec)             - 'bold italic small caps'  (b/scit) with NFSS spec.: 

 (lecture.aux)
\openout1 = `lecture.aux'.

LaTeX Font Info:    Checking defaults for OML/cmm/m/it on input line 8.
LaTeX Font Info:    ... okay on input line 8.
LaTeX Font Info:    Checking defaults for OMS/cmsy/m/n on input line 8.
LaTeX Font Info:    ... okay on input line 8.
LaTeX Font Info:    Checking defaults for OT1/cmr/m/n on input line 8.
LaTeX Font Info:    ... okay on input line 8.
LaTeX Font Info:    Checking defaults for T1/cmr/m/n on input line 8.
LaTeX Font Info:    ... okay on input line 8.
LaTeX Font Info:    Checking defaults for TS1/cmr/m/n on input line 8.
LaTeX Font Info:    Trying to load font information for TS1+cmr on input line 8
.
 (ts1cmr.fd
File: ts1cmr.fd 2019/12/16 v2.5j Standard LaTeX font definitions
)
LaTeX Font Info:    ... okay on input line 8.
LaTeX Font Info:    Checking defaults for TU/lmr/m/n on input line 8.
LaTeX Font Info:    ... okay on input line 8.
LaTeX Font Info:    Checking defaults for OMX/cmex/m/n on input line 8.
LaTeX Font Info:    ... okay on input line 8.
LaTeX Font Info:    Checking defaults for U/cmr/m/n on input line 8.
LaTeX Font Info:    ... okay on input line 8.

Package fontspec Info: Adjusting the maths setup (use [no-math] to avoid
(fontspec)             this).

\symlegacymaths=\mathgroup6
LaTeX Font Info:    Overwriting symbol font `legacymaths' in version `bold'
(Font)                  OT1/cmr/m/n --> OT1/cmr/bx/n on input line 8.
LaTeX Font Info:    Redeclaring math accent \acute on input line 8.
LaTeX Font Info:    Redeclaring math accent \grave on input line 8.
LaTeX Font Info:    Redeclaring math accent \ddot on input line 8.
LaTeX Font Info:    Redeclaring math accent \tilde on input line 8.
LaTeX Font Info:    Redeclaring math accent \bar on input line 8.
LaTeX Font Info:    Redeclaring math accent \breve on input line 8.
LaTeX Font Info:    Redeclaring math accent \check on input line 8.
LaTeX Font Info:    Redeclaring math accent \hat on input line 8.
LaTeX Font Info:    Redeclaring math accent \dot on input line 8.
LaTeX Font Info:    Redeclaring math accent \mathring on input line 8.
LaTeX Font Info:    Redeclaring math symbol \Gamma on input line 8.
LaTeX Font Info:    Redeclaring math symbol \Delta on input line 8.
LaTeX Font Info:    Redeclaring math symbol \Theta on input line 8.
LaTeX Font Info:    Redeclaring math symbol \Lambda on input line 8.
LaTeX Font Info:    Redeclaring math symbol \Xi on input line 8.
LaTeX Font Info:    Redeclaring math symbol \Pi on input line 8.
LaTeX Font Info:    Redeclaring math symbol \Sigma on input line 8.
LaTeX Font Info:    Redeclaring math symbol \Upsilon on input line 8.
LaTeX Font Info:    Redeclaring math symbol \Phi on input line 8.
LaTeX Font Info:    Redeclaring math symbol \Psi on input line 8.
LaTeX Font Info:    Redeclaring math symbol \Omega on input line 8.
LaTeX Font Info:    Redeclaring math symbol \mathdollar on input line 8.
LaTeX Font Info:    Redeclaring symbol font `operators' on input line 8.
LaTeX Font Info:    Encoding `OT1' has changed to `TU' for symbol font
(Font)              `operators' in the math version `normal' on input line 8.
LaTeX Font Info:    Overwriting symbol font `operators' in version `normal'
(Font)                  OT1/cmr/m/n --> TU/TimesNewRoman(0)/m/n on input line 8
.
LaTeX Font Info:    Encoding `OT1' has changed to `TU' for symbol font
(Font)              `operators' in the math version `bold' on input line 8.
LaTeX Font Info:    Overwriting symbol font `operators' in version `bold'
(Font)                  OT1/cmr/bx/n --> TU/TimesNewRoman(0)/m/n on input line 
8.
LaTeX Font Info:    Overwriting symbol font `operators' in version `normal'
(Font)                  TU/TimesNewRoman(0)/m/n --> TU/TimesNewRoman(0)/m/n on 
input line 8.
LaTeX Font Info:    Overwriting math alphabet `\mathit' in version `normal'
(Font)                  OT1/cmr/m/it --> TU/TimesNewRoman(0)/m/it on input line
 8.
LaTeX Font Info:    Overwriting math alphabet `\mathbf' in version `normal'
(Font)                  OT1/cmr/bx/n --> TU/TimesNewRoman(0)/b/n on input line 
8.
LaTeX Font Info:    Overwriting math alphabet `\mathsf' in version `normal'
(Font)                  OT1/cmss/m/n --> TU/lmss/m/n on input line 8.
LaTeX Font Info:    Overwriting math alphabet `\mathtt' in version `normal'
(Font)                  OT1/cmtt/m/n --> TU/lmtt/m/n on input line 8.
LaTeX Font Info:    Overwriting symbol font `operators' in version `bold'
(Font)                  TU/TimesNewRoman(0)/m/n --> TU/TimesNewRoman(0)/b/n on 
input line 8.
LaTeX Font Info:    Overwriting math alphabet `\mathit' in version `bold'
(Font)                  OT1/cmr/bx/it --> TU/TimesNewRoman(0)/b/it on input lin
e 8.
LaTeX Font Info:    Overwriting math alphabet `\mathsf' in version `bold'
(Font)                  OT1/cmss/bx/n --> TU/lmss/b/n on input line 8.
LaTeX Font Info:    Overwriting math alphabet `\mathtt' in version `bold'
(Font)                  OT1/cmtt/m/n --> TU/lmtt/b/n on input line 8.
LaTeX Font Info:    Trying to load font information for U+msa on input line 12.


(umsa.fd
File: umsa.fd 2013/01/14 v3.01 AMS symbols A
)
LaTeX Font Info:    Trying to load font information for U+msb on input line 12.

 (umsb.fd
File: umsb.fd 2013/01/14 v3.01 AMS symbols B
)
Overfull \hbox (4.02565pt too wide) in paragraph at lines 12--13
\TU/TimesNewRoman(0)/m/n/10 формално. Разглеждаме една редица от независими и е
днакво разпределени (н.е.р.)
 []


Overfull \hbox (24.47662pt too wide) in paragraph at lines 12--13
\TU/TimesNewRoman(0)/m/n/10 случайни величини $\OT1/cmr/m/n/10 (\OML/cmm/m/it/1
0 X[]\OT1/cmr/m/n/10 )[]$\TU/TimesNewRoman(0)/m/n/10 . Фактът, че са взаимно не
зависими и еднакво разпределени,
 []


Overfull \hbox (2.09926pt too wide) in paragraph at lines 14--15
[]\TU/TimesNewRoman(0)/m/n/10 Нека $\OML/cmm/m/it/10 ^^V \OT1/cmr/m/n/10 = \U/m
sb/m/n/10 E\OT1/cmr/m/n/10 [\OML/cmm/m/it/10 X[]\OT1/cmr/m/n/10 ]$ \TU/TimesNew
Roman(0)/m/n/10 бъде математическото очакване на първата случайна величина.
 []


Overfull \hbox (8.95029pt too wide) in paragraph at lines 15--17
$\OML/cmm/m/it/10 S[]$ \TU/TimesNewRoman(0)/m/n/10 представлява нова случайна в
еличина за всяко $\OML/cmm/m/it/10 n$\TU/TimesNewRoman(0)/m/n/10 . Редицата от 
случайни величини
 []


Overfull \hbox (7.06215pt too wide) in paragraph at lines 18--19
[]\TU/TimesNewRoman(0)/m/n/10 Усиленият закон за големите числа гласи, че средн
ото аритметично $[]$ се схожда
 []


Overfull \hbox (10.46458pt too wide) in paragraph at lines 22--23
\TU/TimesNewRoman(0)/m/n/10 този въпрос и да изследваме поведението на тази гре
шка, се нуждаем от Централната
 []


Overfull \hbox (14.40869pt too wide) in paragraph at lines 28--29
[]\TU/TimesNewRoman(0)/b/n/10 Теорема (Централна гранична теорема): \TU/TimesNe
wRoman(0)/m/n/10 Нека $\OT1/cmr/m/n/10 (\OML/cmm/m/it/10 X[]\OT1/cmr/m/n/10 )[]
$ \TU/TimesNewRoman(0)/m/n/10 са независими и еднакво
 []

[1

]
Overfull \hbox (13.51648pt too wide) in paragraph at lines 39--41
\OML/cmm/m/it/10 ^^V$ \TU/TimesNewRoman(0)/m/n/10 е от порядъка на $[]$, умноже
но по някаква случайна пертурбация $\OML/cmm/m/it/10 Z$\TU/TimesNewRoman(0)/m/n
/10 , концентрирана
 []


Overfull \hbox (8.0094pt too wide) in paragraph at lines 39--41
\TU/TimesNewRoman(0)/m/n/10 около нулата (тъй като разпределението на $\OML/cmm
/m/it/10 Z$ \TU/TimesNewRoman(0)/m/n/10 е нормално с връх в нулата). Скоростта
 []


Overfull \hbox (6.5772pt too wide) in paragraph at lines 39--41
\TU/TimesNewRoman(0)/m/n/10 на сходимост към нулата се предопределя изцяло от д
етерминистичното количество
 []


Overfull \hbox (10.7327pt too wide) in paragraph at lines 42--43
\TU/TimesNewRoman(0)/m/n/10 вероятностни маси. Единственото, което зависи, е да
 познаваме техните две основни
 []


Overfull \hbox (17.87483pt too wide) in paragraph at lines 42--43
\TU/TimesNewRoman(0)/m/n/10 характеристики: средно $\OML/cmm/m/it/10 ^^V$ \TU/T
imesNewRoman(0)/m/n/10 и дисперсия $\OML/cmm/m/it/10 ^^[[]$\TU/TimesNewRoman(0)
/m/n/10 . Веднъж фиксирани ли са те, кумулативният
 []


Overfull \hbox (17.53458pt too wide) in paragraph at lines 44--45
[]\TU/TimesNewRoman(0)/b/n/10 Сходимост по разпределение: \TU/TimesNewRoman(0)/
m/n/10 Какво означава $\OML/cmm/m/it/10 Z[] [] Z$\TU/TimesNewRoman(0)/m/n/10 ? 
Това означава сходимост
 []


Overfull \hbox (22.67963pt too wide) in paragraph at lines 44--45
\TU/TimesNewRoman(0)/m/n/10 на функциите на разпределение. Тъй като функцията н
а разпределение на стандартното
 []


Overfull \hbox (21.77968pt too wide) in paragraph at lines 51--53
\TU/TimesNewRoman(0)/m/n/10 нормалната плътност в тези граници е на практика ед
иница, следователно вероятността
 []

[2]
Overfull \hbox (10.19624pt too wide) in paragraph at lines 67--70
[]\TU/TimesNewRoman(0)/b/n/10 Пример 2: Непрекъсната случайна величина. \TU/Tim
esNewRoman(0)/m/n/10 Нека сега $\OML/cmm/m/it/10 Y[]$ \TU/TimesNewRoman(0)/m/n/
10 бъде непрекъсната
 []


Overfull \hbox (2.55603pt too wide) in paragraph at lines 67--70
\TU/TimesNewRoman(0)/m/n/10 случайна величина, например с двустранна експоненци
ална (Лапласова) плътност.
 []


Overfull \hbox (2.46216pt too wide) in paragraph at lines 67--70
\TU/TimesNewRoman(0)/m/n/10 поведението на $[]$ ще бъде абсолютно същото като т
ова на дискретните $\OMS/cmsy/m/n/10 ^^F\OT1/cmr/m/n/10 1$ \TU/TimesNewRoman(0)
/m/n/10 стъпки
 []


Overfull \hbox (0.50526pt too wide) in paragraph at lines 67--70
\TU/TimesNewRoman(0)/m/n/10 разпределение, когато става въпрос за суми от голям
 брой независими екземпляри. 
 []

[3]
Overfull \hbox (16.63725pt too wide) in paragraph at lines 102--103
\TU/TimesNewRoman(0)/m/n/10 В практиката най-често се използват моментите до че
твърти ред (очакване, дисперсия,
 []

[4]
Overfull \hbox (7.87764pt too wide) in paragraph at lines 108--109
[]\TU/TimesNewRoman(0)/b/n/10 Връзка с моментите: \TU/TimesNewRoman(0)/m/n/10 И
зползвайки развитието на експоненциалната функция
 []


Overfull \hbox (12.23149pt too wide) in paragraph at lines 118--119
[]\TU/TimesNewRoman(0)/b/n/10 Сходимост (Теорема на Леви-Крамер): \TU/TimesNewR
oman(0)/m/n/10 Ако редица от функции на моментите
 []


Overfull \hbox (1.20358pt too wide) in paragraph at lines 118--119
\OML/cmm/m/it/10 t \OMS/cmsy/m/n/10 2 \OT1/cmr/m/n/10 (\OMS/cmsy/m/n/10 ^^@\OML
/cmm/m/it/10 "; "\OT1/cmr/m/n/10 )$\TU/TimesNewRoman(0)/m/n/10 , то съответните
 случайни величини се схождат по разпределение:
 []


Overfull \hbox (22.44366pt too wide) in paragraph at lines 121--121
[]\TU/TimesNewRoman(0)/b/n/14.4 Функция на моментите на нормалното разпределени
е 
 []

[5]
Overfull \hbox (26.58092pt too wide) in paragraph at lines 140--143
\TU/TimesNewRoman(0)/m/n/10 където сме дефинирали $\OML/cmm/m/it/10 Y[] \OT1/cm
r/m/n/10 = []$\TU/TimesNewRoman(0)/m/n/10 . Очевидно $\OML/cmm/m/it/10 Y[]$ \TU
/TimesNewRoman(0)/m/n/10 са независими и еднакво разпределени
 []


Overfull \hbox (6.7524pt too wide) in paragraph at lines 143--145
\TU/TimesNewRoman(0)/m/n/10 Ще допуснем за улеснение, че функцията на моментите
 $\OML/cmm/m/it/10 M[]\OT1/cmr/m/n/10 (\OML/cmm/m/it/10 t\OT1/cmr/m/n/10 )$ \TU
/TimesNewRoman(0)/m/n/10 е добре дефинирана
 []


Overfull \hbox (27.25291pt too wide) in paragraph at lines 147--149
\TU/TimesNewRoman(0)/m/n/10 Тъй като $\OML/cmm/m/it/10 Y[]$ \TU/TimesNewRoman(0
)/m/n/10 са независими, функцията на моментите на сумата се разпада в произведе
ние
 []

[6]
Overfull \hbox (5.0124pt too wide) in paragraph at lines 157--159
\TU/TimesNewRoman(0)/m/n/10 За фиксирано $\OML/cmm/m/it/10 t$\TU/TimesNewRoman(
0)/m/n/10 , когато $\OML/cmm/m/it/10 n \OMS/cmsy/m/n/10 ! 1$\TU/TimesNewRoman(0
)/m/n/10 , това е добре познатата граница за експоненциалната
 []


Overfull \hbox (31.60478pt too wide) in paragraph at lines 159--161
\TU/TimesNewRoman(0)/m/n/10 Но това е точно функцията на моментите $\OML/cmm/m/
it/10 M[]\OT1/cmr/m/n/10 (\OML/cmm/m/it/10 t\OT1/cmr/m/n/10 )$ \TU/TimesNewRoma
n(0)/m/n/10 на стандартното нормално разпределение
 []


Overfull \hbox (8.99023pt too wide) in paragraph at lines 172--172
[]\TU/TimesNewRoman(0)/b/n/12 Оценка на грешката при статистически проучвания и
 Монте
 []


Overfull \hbox (0.3002pt too wide) in paragraph at lines 173--175
\TU/TimesNewRoman(0)/m/n/10 Карло за намиране на лице на фигура чрез хвърляне н
а случайни точки, ние реално
 []

[7]
Overfull \hbox (5.29628pt too wide) in paragraph at lines 179--181
\TU/TimesNewRoman(0)/m/n/10 Това може да се изрази чрез интеграла от плътността
 на нормалното разпределение: 
 []


Overfull \hbox (16.84642pt too wide) in paragraph at lines 183--185
\TU/TimesNewRoman(0)/m/n/10 проучвания обикновено включват извадка от около 100
0 до 2000 души, за да постигнат
 []

[8] [9] (lecture.aux) )
Output written on lecture.xdv (9 pages, 140384 bytes).
