prepped /Users/g8row/Documents/lec2tex/run/pesho/prep/page_002.png (5877, 4550)
prepped /Users/g8row/Documents/lec2tex/run/pesho/prep/page_003.png (6055, 4266)
prepped /Users/g8row/Documents/lec2tex/run/pesho/prep/page_004.png (6108, 4544)
prepped /Users/g8row/Documents/lec2tex/run/pesho/prep/page_005.png (5680, 4556)
prepped /Users/g8row/Documents/lec2tex/run/pesho/prep/page_006.png (5465, 4560)
prepped /Users/g8row/Documents/lec2tex/run/pesho/prep/page_007.png (6108, 4544)
prepped /Users/g8row/Documents/lec2tex/run/pesho/prep/page_008.png (5975, 4548)
prepped /Users/g8row/Documents/lec2tex/run/pesho/prep/page_009.png (5856, 4552)
prepped /Users/g8row/Documents/lec2tex/run/pesho/prep/page_010.png (6108, 4178)
prepped /Users/g8row/Documents/lec2tex/run/pesho/prep/page_011.png (5928, 4550)
prepped /Users/g8row/Documents/lec2tex/run/pesho/prep/page_012.png (6002, 4548)
prepped /Users/g8row/Documents/lec2tex/run/pesho/prep/page_014.png (5577, 4558)
prepped /Users/g8row/Documents/lec2tex/run/pesho/prep/page_015.png (5489, 4400)
prepped /Users/g8row/Documents/lec2tex/run/pesho/prep/page_016.png (5580, 4558)
prepped /Users/g8row/Documents/lec2tex/run/pesho/prep/page_017.png (6095, 4180)
prepped /Users/g8row/Documents/lec2tex/run/pesho/prep/page_018.png (6093, 4546)
prepped /Users/g8row/Documents/lec2tex/run/pesho/prep/page_019.png (5791, 4264)
prepped /Users/g8row/Documents/lec2tex/run/pesho/prep/page_020.png (5729, 4202)
prepped /Users/g8row/Documents/lec2tex/run/pesho/prep/page_021.png (5488, 4560)
prepped /Users/g8row/Documents/lec2tex/run/pesho/prep/page_022.png (5831, 4552)
prepped /Users/g8row/Documents/lec2tex/run/pesho/prep/page_023.png (5590, 4558)
prepped /Users/g8row/Documents/lec2tex/run/pesho/prep/page_024.png (5425, 4562)
prepped /Users/g8row/Documents/lec2tex/run/pesho/prep/page_025.png (5422, 4562)
prepped /Users/g8row/Documents/lec2tex/run/pesho/prep/page_026.png (5482, 4502)
prepped /Users/g8row/Documents/lec2tex/run/pesho/prep/page_027.png (5297, 4380)
prepped /Users/g8row/Documents/lec2tex/run/pesho/prep/page_028.png (5475, 4321)
prepped /Users/g8row/Documents/lec2tex/run/pesho/prep/page_029.png (5969, 4548)
prepped /Users/g8row/Documents/lec2tex/run/pesho/prep/page_030.png (5399, 4562)
prepped /Users/g8row/Documents/lec2tex/run/pesho/prep/page_031.png (5935, 4337)
prepped /Users/g8row/Documents/lec2tex/run/pesho/prep/page_032.png (5512, 4560)
prepped /Users/g8row/Documents/lec2tex/run/pesho/prep/page_033.png (5732, 4127)
prepped /Users/g8row/Documents/lec2tex/run/pesho/prep/page_034.png (5909, 4550)
prepped /Users/g8row/Documents/lec2tex/run/pesho/prep/page_035.png (5327, 4564)
prepped /Users/g8row/Documents/lec2tex/run/pesho/prep/page_036.png (5659, 4556)
ocr page 2 -> 88 items
ocr page 3 -> 70 items
ocr page 4 -> 73 items
ocr page 5 -> 83 items
ocr page 6 -> 53 items
ocr page 7 -> 59 items
ocr page 8 -> 68 items
ocr page 9 -> 76 items
ocr page 10 -> 44 items
Traceback (most recent call last):
  File "/Users/g8row/Documents/lec2tex/scripts/ocr_pesho.py", line 152, in <module>
    main()
  File "/Users/g8row/Documents/lec2tex/scripts/ocr_pesho.py", line 138, in main
    raw = client.read_image(path, PROMPT)
          ^^^^^^^^^^^^^^^^^^^^^^^^^^^^^^^
  File "/Users/g8row/Documents/lec2tex/src/backends.py", line 276, in read_image
    return _call_agy(meta)
           ^^^^^^^^^^^^^^^
  File "/Users/g8row/Documents/lec2tex/src/backends.py", line 105, in _call_agy
    raise RuntimeError(f"agy CLI failed (exit {res.returncode}): {res.stderr}")
RuntimeError: agy CLI failed (exit 1): Error: There was a network issue connecting to the server, please try again.

