Tracking board states. Duration: 1830.28s, Interval: 0.34s
Frame skip interval: 20 frames (equivalent to 0.34s)
Saved initial board state at 0.00s: board_001.png
Saved board state 2 at 2.33s: board_002.png (consec_sim=0.973, saved_sim=0.711)
Saved board state 3 at 40.33s: board_003.png (consec_sim=0.969, saved_sim=0.957)
Saved board state 4 at 200.00s: board_004.png (consec_sim=0.970, saved_sim=0.948)
Saved board state 5 at 268.67s: board_005.png (consec_sim=0.968, saved_sim=0.930)
Saved board state 6 at 408.33s: board_006.png (consec_sim=0.979, saved_sim=0.898)
Saved board state 7 at 468.33s: board_007.png (consec_sim=0.975, saved_sim=0.876)
Saved board state 8 at 475.67s: board_008.png (consec_sim=0.971, saved_sim=0.950)
Saved board state 9 at 500.67s: board_009.png (consec_sim=0.982, saved_sim=0.862)
Saved board state 10 at 540.33s: board_010.png (consec_sim=0.976, saved_sim=0.936)
Saved board state 11 at 559.33s: board_011.png (consec_sim=0.965, saved_sim=0.941)
Saved board state 12 at 597.67s: board_012.png (consec_sim=0.968, saved_sim=0.658)
Saved board state 13 at 711.00s: board_013.png (consec_sim=0.963, saved_sim=0.676)
Saved board state 14 at 715.00s: board_014.png (consec_sim=0.970, saved_sim=0.950)
Saved board state 15 at 731.00s: board_015.png (consec_sim=0.967, saved_sim=0.938)
Saved board state 16 at 768.33s: board_016.png (consec_sim=0.962, saved_sim=0.899)
Saved board state 17 at 773.00s: board_017.png (consec_sim=0.961, saved_sim=0.930)
Saved board state 18 at 811.67s: board_018.png (consec_sim=0.963, saved_sim=0.903)
Saved board state 19 at 836.33s: board_019.png (consec_sim=0.978, saved_sim=0.892)
Saved board state 20 at 851.67s: board_020.png (consec_sim=0.972, saved_sim=0.934)
Saved board state 21 at 879.67s: board_021.png (consec_sim=0.985, saved_sim=0.865)
Saved board state 22 at 881.33s: board_022.png (consec_sim=0.976, saved_sim=0.880)
Saved board state 23 at 904.00s: board_023.png (consec_sim=0.982, saved_sim=0.908)
Saved board state 24 at 904.33s: board_024.png (consec_sim=0.961, saved_sim=0.961)
Saved board state 25 at 904.67s: board_025.png (consec_sim=0.961, saved_sim=0.961)
Saved board state 26 at 910.33s: board_026.png (consec_sim=0.988, saved_sim=0.964)
Saved board state 27 at 915.33s: board_027.png (consec_sim=0.984, saved_sim=0.946)
Saved board state 28 at 920.00s: board_028.png (consec_sim=0.984, saved_sim=0.963)
Saved board state 29 at 941.67s: board_029.png (consec_sim=0.987, saved_sim=0.896)
Saved board state 30 at 1012.00s: board_030.png (consec_sim=0.989, saved_sim=0.885)
Saved board state 31 at 1024.33s: board_031.png (consec_sim=0.961, saved_sim=0.913)
Saved board state 32 at 1025.33s: board_032.png (consec_sim=0.961, saved_sim=0.965)
Saved board state 33 at 1033.00s: board_033.png (consec_sim=0.981, saved_sim=0.915)
Saved board state 34 at 1042.67s: board_034.png (consec_sim=0.965, saved_sim=0.889)
Saved board state 35 at 1046.67s: board_035.png (consec_sim=0.974, saved_sim=0.875)
Saved board state 36 at 1048.33s: board_036.png (consec_sim=0.977, saved_sim=0.900)
Saved board state 37 at 1054.33s: board_037.png (consec_sim=0.978, saved_sim=0.960)
Saved board state 38 at 1063.33s: board_038.png (consec_sim=0.972, saved_sim=0.954)
Saved board state 39 at 1077.67s: board_039.png (consec_sim=0.968, saved_sim=0.899)
Saved board state 40 at 1093.00s: board_040.png (consec_sim=0.974, saved_sim=0.857)
Saved board state 41 at 1110.00s: board_041.png (consec_sim=0.962, saved_sim=0.933)
Saved board state 42 at 1127.33s: board_042.png (consec_sim=0.983, saved_sim=0.905)
Saved board state 43 at 1163.67s: board_043.png (consec_sim=0.960, saved_sim=0.857)
Saved board state 44 at 1198.33s: board_044.png (consec_sim=0.981, saved_sim=0.904)
Saved board state 45 at 1217.33s: board_045.png (consec_sim=0.978, saved_sim=0.960)
Saved board state 46 at 1245.00s: board_046.png (consec_sim=0.985, saved_sim=0.919)
Saved board state 47 at 1300.67s: board_047.png (consec_sim=0.982, saved_sim=0.807)
Saved board state 48 at 1314.33s: board_048.png (consec_sim=0.970, saved_sim=0.825)
Saved board state 49 at 1315.00s: board_049.png (consec_sim=0.963, saved_sim=0.947)
Saved board state 50 at 1321.33s: board_050.png (consec_sim=0.974, saved_sim=0.783)
Saved board state 51 at 1323.33s: board_051.png (consec_sim=0.965, saved_sim=0.833)
Saved board state 52 at 1326.67s: board_052.png (consec_sim=0.968, saved_sim=0.822)
Saved board state 53 at 1346.67s: board_053.png (consec_sim=0.962, saved_sim=0.683)
Saved board state 54 at 1349.33s: board_054.png (consec_sim=0.966, saved_sim=0.820)
Saved board state 55 at 1377.67s: board_055.png (consec_sim=0.982, saved_sim=0.719)
Saved board state 56 at 1378.33s: board_056.png (consec_sim=0.977, saved_sim=0.962)
Saved board state 57 at 1381.33s: board_057.png (consec_sim=0.972, saved_sim=0.939)
Saved board state 58 at 1481.00s: board_058.png (consec_sim=0.978, saved_sim=0.860)
Saved board state 59 at 1548.67s: board_059.png (consec_sim=0.979, saved_sim=0.863)
Saved board state 60 at 1550.67s: board_060.png (consec_sim=0.968, saved_sim=0.742)
Saved board state 61 at 1575.33s: board_061.png (consec_sim=0.963, saved_sim=0.791)
Saved board state 62 at 1592.00s: board_062.png (consec_sim=0.970, saved_sim=0.748)
Saved board state 63 at 1601.00s: board_063.png (consec_sim=0.961, saved_sim=0.849)
Saved board state 64 at 1653.00s: board_064.png (consec_sim=0.963, saved_sim=0.861)
Saved board state 65 at 1684.33s: board_065.png (consec_sim=0.977, saved_sim=0.904)
Saved board state 66 at 1689.33s: board_066.png (consec_sim=0.984, saved_sim=0.948)
Saved board state 67 at 1696.67s: board_067.png (consec_sim=0.965, saved_sim=0.801)
Saved board state 68 at 1703.67s: board_068.png (consec_sim=0.988, saved_sim=0.804)
Saved board state 69 at 1728.33s: board_069.png (consec_sim=0.972, saved_sim=0.879)
Saved board state 70 at 1733.00s: board_070.png (consec_sim=0.984, saved_sim=0.928)
Saved board state 71 at 1749.00s: board_071.png (consec_sim=0.964, saved_sim=0.956)
Saved board state 72 at 1756.00s: board_072.png (consec_sim=0.975, saved_sim=0.964)
Saved board state 73 at 1765.33s: board_073.png (consec_sim=0.969, saved_sim=0.936)
Saved board state 74 at 1768.00s: board_074.png (consec_sim=0.965, saved_sim=0.941)
Saved board state 75 at 1769.67s: board_075.png (consec_sim=0.971, saved_sim=0.884)
Saved board state 76 at 1771.67s: board_076.png (consec_sim=0.964, saved_sim=0.827)
Saved board state 77 at 1775.33s: board_077.png (consec_sim=0.976, saved_sim=0.832)
Saved board state 78 at 1781.33s: board_078.png (consec_sim=0.969, saved_sim=0.963)
Saved board state 79 at 1792.67s: board_079.png (consec_sim=0.978, saved_sim=0.919)
Saved board state 80 at 1804.33s: board_080.png (consec_sim=0.982, saved_sim=0.961)
Saved board state 81 at 1827.33s: board_081.png (consec_sim=0.963, saved_sim=0.957)
Finished board state tracking. Extracted 81 board states.
