**
(lecture.tex
LaTeX2e <2021-11-15> patch level 1
L3 programming layer <2022-02-24> (article.cls
Document Class: article 2021/10/04 v1.4n Standard LaTeX document class
(size10.clo
File: size10.clo 2021/10/04 v1.4n Standard LaTeX file (size option)
)
\c@part=\count181
\c@section=\count182
\c@subsection=\count183
\c@subsubsection=\count184
\c@paragraph=\count185
\c@subparagraph=\count186
\c@figure=\count187
\c@table=\count188
\abovecaptionskip=\skip47
\belowcaptionskip=\skip48
\bibindent=\dimen138
) (fontspec.sty (xparse.sty (expl3.sty
Package: expl3 2022-02-24 L3 programming layer (loader) 
 (l3backend-xetex.def
File: l3backend-xetex.def 2022-02-07 L3 backend support: XeTeX
\c__kernel_sys_dvipdfmx_version_int=\count189
\l__color_backend_stack_int=\count190
\g__color_backend_stack_int=\count191
\g__graphics_track_int=\count192
\l__pdf_internal_box=\box50
\g__pdf_backend_object_int=\count193
\g__pdf_backend_annotation_int=\count194
\g__pdf_backend_link_int=\count195
))
Package: xparse 2022-01-12 L3 Experimental document command parser
)
Package: fontspec 2022/01/15 v2.8a Font selection for XeLaTeX and LuaLaTeX

(fontspec-xetex.sty
Package: fontspec-xetex 2022/01/15 v2.8a Font selection for XeLaTeX and LuaLaTe
X
\l__fontspec_script_int=\count196
\l__fontspec_language_int=\count197
\l__fontspec_strnum_int=\count198
\l__fontspec_tmp_int=\count199
\l__fontspec_tmpa_int=\count266
\l__fontspec_tmpb_int=\count267
\l__fontspec_tmpc_int=\count268
\l__fontspec_em_int=\count269
\l__fontspec_emdef_int=\count270
\l__fontspec_strong_int=\count271
\l__fontspec_strongdef_int=\count272
\l__fontspec_tmpa_dim=\dimen139
\l__fontspec_tmpb_dim=\dimen140
\l__fontspec_tmpc_dim=\dimen141
 (fontenc.sty
Package: fontenc 2021/04/29 v2.0v Standard LaTeX package
) (fontspec.cfg)))

Package fontspec Info: Font family 'TimesNewRoman(0)' created for font 'Times
(fontspec)             New Roman' with options [Ligatures=TeX].
(fontspec)              
(fontspec)              This font family consists of the following NFSS
(fontspec)             series/shapes:
(fontspec)              
(fontspec)             - 'normal' (m/n) with NFSS spec.: <->"Times New
(fontspec)             Roman/OT:script=latn;language=dflt;mapping=tex-text;"
(fontspec)             - 'small caps'  (m/sc) with NFSS spec.: 
(fontspec)             - 'bold' (b/n) with NFSS spec.: <->"Times New
(fontspec)             Roman/B/OT:script=latn;language=dflt;mapping=tex-text;"
(fontspec)             - 'bold small caps'  (b/sc) with NFSS spec.: 
(fontspec)             - 'italic' (m/it) with NFSS spec.: <->"Times New
(fontspec)             Roman/I/OT:script=latn;language=dflt;mapping=tex-text;"
(fontspec)             - 'italic small caps'  (m/scit) with NFSS spec.: 
(fontspec)             - 'bold italic' (b/it) with NFSS spec.: <->"Times New
(fontspec)             Roman/BI/OT:script=latn;language=dflt;mapping=tex-text;"

(fontspec)             - 'bold italic small caps'  (b/scit) with NFSS spec.: 

 (amsmath.sty
Package: amsmath 2021/10/15 v2.17l AMS math features
\@mathmargin=\skip49

For additional information on amsmath, use the `?' option.
(amstext.sty
Package: amstext 2021/08/26 v2.01 AMS text
 (amsgen.sty
File: amsgen.sty 1999/11/30 v2.0 generic functions
\@emptytoks=\toks16
\ex@=\dimen142
)) (amsbsy.sty
Package: amsbsy 1999/11/29 v1.2d Bold Symbols
\pmbraise@=\dimen143
) (amsopn.sty
Package: amsopn 2021/08/26 v2.02 operator names
)
\inf@bad=\count273
LaTeX Info: Redefining \frac on input line 234.
\uproot@=\count274
\leftroot@=\count275
LaTeX Info: Redefining \overline on input line 399.
\classnum@=\count276
\DOTSCASE@=\count277
LaTeX Info: Redefining \ldots on input line 496.
LaTeX Info: Redefining \dots on input line 499.
LaTeX Info: Redefining \cdots on input line 620.
\Mathstrutbox@=\box51
\strutbox@=\box52
\big@size=\dimen144
LaTeX Font Info:    Redeclaring font encoding OML on input line 743.
LaTeX Font Info:    Redeclaring font encoding OMS on input line 744.
\macc@depth=\count278
\c@MaxMatrixCols=\count279
\dotsspace@=\muskip16
\c@parentequation=\count280
\dspbrk@lvl=\count281
\tag@help=\toks17
\row@=\count282
\column@=\count283
\maxfields@=\count284
\andhelp@=\toks18
\eqnshift@=\dimen145
\alignsep@=\dimen146
\tagshift@=\dimen147
\tagwidth@=\dimen148
\totwidth@=\dimen149
\lineht@=\dimen150
\@envbody=\toks19
\multlinegap=\skip50
\multlinetaggap=\skip51
\mathdisplay@stack=\toks20
LaTeX Info: Redefining \[ on input line 2938.
LaTeX Info: Redefining \] on input line 2939.
) (amssymb.sty
Package: amssymb 2013/01/14 v3.01 AMS font symbols

(amsfonts.sty
Package: amsfonts 2013/01/14 v3.01 Basic AMSFonts support
\symAMSa=\mathgroup4
\symAMSb=\mathgroup5
LaTeX Font Info:    Redeclaring math symbol \hbar on input line 98.
LaTeX Font Info:    Overwriting math alphabet `\mathfrak' in version `bold'
(Font)                  U/euf/m/n --> U/euf/b/n on input line 106.
)) (lecture.aux)
\openout1 = `lecture.aux'.

LaTeX Font Info:    Checking defaults for OML/cmm/m/it on input line 8.
LaTeX Font Info:    ... okay on input line 8.
LaTeX Font Info:    Checking defaults for OMS/cmsy/m/n on input line 8.
LaTeX Font Info:    ... okay on input line 8.
LaTeX Font Info:    Checking defaults for OT1/cmr/m/n on input line 8.
LaTeX Font Info:    ... okay on input line 8.
LaTeX Font Info:    Checking defaults for T1/cmr/m/n on input line 8.
LaTeX Font Info:    ... okay on input line 8.
LaTeX Font Info:    Checking defaults for TS1/cmr/m/n on input line 8.
LaTeX Font Info:    Trying to load font information for TS1+cmr on input line 8
.
 (ts1cmr.fd
File: ts1cmr.fd 2019/12/16 v2.5j Standard LaTeX font definitions
)
LaTeX Font Info:    ... okay on input line 8.
LaTeX Font Info:    Checking defaults for TU/lmr/m/n on input line 8.
LaTeX Font Info:    ... okay on input line 8.
LaTeX Font Info:    Checking defaults for OMX/cmex/m/n on input line 8.
LaTeX Font Info:    ... okay on input line 8.
LaTeX Font Info:    Checking defaults for U/cmr/m/n on input line 8.
LaTeX Font Info:    ... okay on input line 8.

Package fontspec Info: Adjusting the maths setup (use [no-math] to avoid
(fontspec)             this).

\symlegacymaths=\mathgroup6
LaTeX Font Info:    Overwriting symbol font `legacymaths' in version `bold'
(Font)                  OT1/cmr/m/n --> OT1/cmr/bx/n on input line 8.
LaTeX Font Info:    Redeclaring math accent \acute on input line 8.
LaTeX Font Info:    Redeclaring math accent \grave on input line 8.
LaTeX Font Info:    Redeclaring math accent \ddot on input line 8.
LaTeX Font Info:    Redeclaring math accent \tilde on input line 8.
LaTeX Font Info:    Redeclaring math accent \bar on input line 8.
LaTeX Font Info:    Redeclaring math accent \breve on input line 8.
LaTeX Font Info:    Redeclaring math accent \check on input line 8.
LaTeX Font Info:    Redeclaring math accent \hat on input line 8.
LaTeX Font Info:    Redeclaring math accent \dot on input line 8.
LaTeX Font Info:    Redeclaring math accent \mathring on input line 8.
LaTeX Font Info:    Redeclaring math symbol \Gamma on input line 8.
LaTeX Font Info:    Redeclaring math symbol \Delta on input line 8.
LaTeX Font Info:    Redeclaring math symbol \Theta on input line 8.
LaTeX Font Info:    Redeclaring math symbol \Lambda on input line 8.
LaTeX Font Info:    Redeclaring math symbol \Xi on input line 8.
LaTeX Font Info:    Redeclaring math symbol \Pi on input line 8.
LaTeX Font Info:    Redeclaring math symbol \Sigma on input line 8.
LaTeX Font Info:    Redeclaring math symbol \Upsilon on input line 8.
LaTeX Font Info:    Redeclaring math symbol \Phi on input line 8.
LaTeX Font Info:    Redeclaring math symbol \Psi on input line 8.
LaTeX Font Info:    Redeclaring math symbol \Omega on input line 8.
LaTeX Font Info:    Redeclaring math symbol \mathdollar on input line 8.
LaTeX Font Info:    Redeclaring symbol font `operators' on input line 8.
LaTeX Font Info:    Encoding `OT1' has changed to `TU' for symbol font
(Font)              `operators' in the math version `normal' on input line 8.
LaTeX Font Info:    Overwriting symbol font `operators' in version `normal'
(Font)                  OT1/cmr/m/n --> TU/TimesNewRoman(0)/m/n on input line 8
.
LaTeX Font Info:    Encoding `OT1' has changed to `TU' for symbol font
(Font)              `operators' in the math version `bold' on input line 8.
LaTeX Font Info:    Overwriting symbol font `operators' in version `bold'
(Font)                  OT1/cmr/bx/n --> TU/TimesNewRoman(0)/m/n on input line 
8.
LaTeX Font Info:    Overwriting symbol font `operators' in version `normal'
(Font)                  TU/TimesNewRoman(0)/m/n --> TU/TimesNewRoman(0)/m/n on 
input line 8.
LaTeX Font Info:    Overwriting math alphabet `\mathit' in version `normal'
(Font)                  OT1/cmr/m/it --> TU/TimesNewRoman(0)/m/it on input line
 8.
LaTeX Font Info:    Overwriting math alphabet `\mathbf' in version `normal'
(Font)                  OT1/cmr/bx/n --> TU/TimesNewRoman(0)/b/n on input line 
8.
LaTeX Font Info:    Overwriting math alphabet `\mathsf' in version `normal'
(Font)                  OT1/cmss/m/n --> TU/lmss/m/n on input line 8.
LaTeX Font Info:    Overwriting math alphabet `\mathtt' in version `normal'
(Font)                  OT1/cmtt/m/n --> TU/lmtt/m/n on input line 8.
LaTeX Font Info:    Overwriting symbol font `operators' in version `bold'
(Font)                  TU/TimesNewRoman(0)/m/n --> TU/TimesNewRoman(0)/b/n on 
input line 8.
LaTeX Font Info:    Overwriting math alphabet `\mathit' in version `bold'
(Font)                  OT1/cmr/bx/it --> TU/TimesNewRoman(0)/b/it on input lin
e 8.
LaTeX Font Info:    Overwriting math alphabet `\mathsf' in version `bold'
(Font)                  OT1/cmss/bx/n --> TU/lmss/b/n on input line 8.
LaTeX Font Info:    Overwriting math alphabet `\mathtt' in version `bold'
(Font)                  OT1/cmtt/m/n --> TU/lmtt/b/n on input line 8.
LaTeX Font Info:    Trying to load font information for U+msa on input line 13.

 (umsa.fd
File: umsa.fd 2013/01/14 v3.01 AMS symbols A
)
LaTeX Font Info:    Trying to load font information for U+msb on input line 13.

 (umsb.fd
File: umsb.fd 2013/01/14 v3.01 AMS symbols B
)
Overfull \hbox (14.01555pt too wide) in paragraph at lines 15--15
[]\TU/TimesNewRoman(0)/b/n/14.4 Въведение в статистиката и концепцията за извад
ки 
 []


Overfull \hbox (1.7136pt too wide) in paragraph at lines 17--18
\TU/TimesNewRoman(0)/m/n/10 вероятностите, използвайки техния фундамент за изгр
аждането на апарат, техники
 []


Overfull \hbox (1.21002pt too wide) in paragraph at lines 19--20
\TU/TimesNewRoman(0)/m/n/10 непосилно), ние правим оценка за свойството на база
та на \TU/TimesNewRoman(0)/m/it/10 извадка \TU/TimesNewRoman(0)/m/n/10 – подмно
жество
 []


Overfull \hbox (9.99974pt too wide) in paragraph at lines 19--20
\TU/TimesNewRoman(0)/m/n/10 от обектите, което избираме, за да разберем какво е
 разпределението на изследваната
 []


Overfull \hbox (5.06137pt too wide) in paragraph at lines 21--22
\TU/TimesNewRoman(0)/m/n/10 примери за провали при съставянето ѝ. Един от тях е
 през 1936 г. за президентските
 []


Overfull \hbox (6.35747pt too wide) in paragraph at lines 21--22
\TU/TimesNewRoman(0)/m/n/10 извадката е имала систематично изкривяване (bias) к
ъм определена социална страта
 []


Overfull \hbox (12.96591pt too wide) in paragraph at lines 21--22
\TU/TimesNewRoman(0)/m/n/10 обществото (включително както по-богати, така и по-
бедни). В нашите разглеждания
 []


Overfull \hbox (29.21947pt too wide) in paragraph at lines 21--22
\TU/TimesNewRoman(0)/m/n/10 ние винаги ще предполагаме, че извадката се прави н
апълно случайно и е представителна
 []


Overfull \hbox (25.77423pt too wide) in paragraph at lines 25--26
\TU/TimesNewRoman(0)/m/n/10 Имаме някаква случайна величина $\OML/cmm/m/it/10 X
$\TU/TimesNewRoman(0)/m/n/10 , описваща интересуващото ни свойство (например
 []


Overfull \hbox (7.43857pt too wide) in paragraph at lines 27--28
\TU/TimesNewRoman(0)/m/n/10 наблюдения $\OML/cmm/m/it/10 X[]; X[]; [] ; X[]$ \T
U/TimesNewRoman(0)/m/n/10 формират вектор от \TU/TimesNewRoman(0)/m/it/10 незав
исими и еднакво разпределени
 []

[1

]
Overfull \hbox (13.67499pt too wide) in paragraph at lines 40--41
[]$\OML/cmm/m/it/10 X \OMS/cmsy/m/n/10 ^^X []\OT1/cmr/m/n/10 (\OML/cmm/m/it/10 
^^U\OT1/cmr/m/n/10 )$ \TU/TimesNewRoman(0)/m/n/10 – Експоненциално разпределени
е за време на живот на електронни
 []


Overfull \hbox (21.7276pt too wide) in paragraph at lines 46--47
\TU/TimesNewRoman(0)/m/n/10 която ни служи като приближение за истинската, но н
еизвестна стойност на параметъра
 []


Overfull \hbox (6.26698pt too wide) in paragraph at lines 46--47
\TU/TimesNewRoman(0)/m/n/10 нужда от методи за конструиране на оценки, които пр
итежават оптимални свойства.
 []


Overfull \hbox (7.44145pt too wide) in paragraph at lines 46--47
\TU/TimesNewRoman(0)/m/n/10 Два от най-популярните метода са Методът на максима
лното правдоподобие (МПО)
 []


Overfull \hbox (1.29944pt too wide) in paragraph at lines 50--51
\TU/TimesNewRoman(0)/m/n/10 параметьра $\OML/cmm/m/it/10 ^^R$ \TU/TimesNewRoman
(0)/m/n/10 ние трябва да изберем тази, при която вероятността (или съвместната
 []


Overfull \hbox (41.77455pt too wide) in paragraph at lines 53--54
\OML/cmm/m/it/10 f[]\OT1/cmr/m/n/10 (\OML/cmm/m/it/10 x\OT1/cmr/m/n/10 ; \OML/c
mm/m/it/10 ^^R\OT1/cmr/m/n/10 )$ \TU/TimesNewRoman(0)/m/n/10 е от клас, парамет
ризиран с $\OML/cmm/m/it/10 ^^R$\TU/TimesNewRoman(0)/m/n/10 . Имаме независимат
а извадка $[] \OT1/cmr/m/n/10 = (\OML/cmm/m/it/10 X[]; X[]; [] ; X[]\OT1/cmr/m/
n/10 )$\TU/TimesNewRoman(0)/m/n/10 . 
 []

[2]
Overfull \hbox (27.41356pt too wide) in paragraph at lines 55--56
[]\TU/TimesNewRoman(0)/m/n/10 Функция на правдоподобие $\OML/cmm/m/it/10 L\OT1/
cmr/m/n/10 ([]\OML/cmm/m/it/10 ; ^^R\OT1/cmr/m/n/10 )$ \TU/TimesNewRoman(0)/m/n
/10 наричаме съвместната плътност (или вероятност
 []


Overfull \hbox (23.78748pt too wide) in paragraph at lines 55--56
\TU/TimesNewRoman(0)/m/n/10 в дискретния случай) на вектора $[]$. Тъй като набл
юденията са независими, съвместната
 []


Overfull \hbox (13.00508pt too wide) in paragraph at lines 58--60
\TU/TimesNewRoman(0)/m/n/10 За конкретна реализация на извадката $[] \OT1/cmr/m
/n/10 = (\OML/cmm/m/it/10 x[]; [] ; x[]\OT1/cmr/m/n/10 )$\TU/TimesNewRoman(0)/m
/n/10 , функцията на правдоподобие
 []


Overfull \hbox (6.363pt too wide) in paragraph at lines 69--70
[]\TU/TimesNewRoman(0)/m/n/10 За удобство при пресмятанията, понеже логаритъмът
 е строго растяща функция,
 []


Overfull \hbox (11.43182pt too wide) in paragraph at lines 87--89
\TU/TimesNewRoman(0)/m/n/10 където $\OML/cmm/m/it/10 X[] \OT1/cmr/m/n/10 = [][]
(\OML/cmm/m/it/10 X[]\OT1/cmr/m/n/10 )$ \TU/TimesNewRoman(0)/m/n/10 е максималн
ата стойност сред наблюденията. Забележете,
 []


Overfull \hbox (9.78949pt too wide) in paragraph at lines 87--89
\TU/TimesNewRoman(0)/m/n/10 и само тогава, когато всички $\OML/cmm/m/it/10 X[] 
< ^^R$\TU/TimesNewRoman(0)/m/n/10 , което е еквивалентно на това техният максим
ум
 []

[3]
Overfull \hbox (14.47534pt too wide) in paragraph at lines 97--99
\TU/TimesNewRoman(0)/m/n/10 Ако например сме получили наблюденията 1, 2, 3, 4 и
 5, максимално правдоподобната
 []


Overfull \hbox (2.21002pt too wide) in paragraph at lines 102--104
\TU/TimesNewRoman(0)/m/n/10 Нека $\OML/cmm/m/it/10 X \OMS/cmsy/m/n/10 ^^X \OML/
cmm/m/it/10 N\OT1/cmr/m/n/10 (\OML/cmm/m/it/10 ^^V; ^^[[]\OT1/cmr/m/n/10 )$\TU/
TimesNewRoman(0)/m/n/10 . Имаме два параметъра за оценяване: $\OML/cmm/m/it/10 
^^R \OT1/cmr/m/n/10 = (\OML/cmm/m/it/10 ^^V; ^^[[]\OT1/cmr/m/n/10 )$\TU/TimesNe
wRoman(0)/m/n/10 . Плътността
 []


Overfull \hbox (11.78522pt too wide) in paragraph at lines 110--112
\TU/TimesNewRoman(0)/m/n/10 Логаритмуваме я, за да превърнем произведението в с
ума, което значително улеснява
 []

[4]
Overfull \hbox (16.99615pt too wide) in paragraph at lines 140--141
\TU/TimesNewRoman(0)/m/n/10 Методът на моментите почива на Закона за големите ч
исла, според който емпиричните
 []


Overfull \hbox (2.09357pt too wide) in paragraph at lines 148--149
[]\TU/TimesNewRoman(0)/b/n/10 Дефиниция (ММО): \TU/TimesNewRoman(0)/m/n/10 Нека
 $\OML/cmm/m/it/10 X$ \TU/TimesNewRoman(0)/m/n/10 е случайна величина с функция
 на разпределение
 []


Overfull \hbox (1.86855pt too wide) in paragraph at lines 154--155
[]\TU/TimesNewRoman(0)/m/n/10 Идеята е да приравним първите $\OML/cmm/m/it/10 s
$ \TU/TimesNewRoman(0)/m/n/10 на брой теоретични момента към съответните
 []


Overfull \hbox (10.21pt too wide) in paragraph at lines 154--155
\TU/TimesNewRoman(0)/m/n/10 извадкови моменти и да решим получената система спр
ямо неизвестните параметри.
 []

[5]
Overfull \hbox (28.56842pt too wide) in paragraph at lines 200--201
\TU/TimesNewRoman(0)/m/n/10 За да определим коя от получените оценки е по-добра
, изследваме техните статистически
 []

[6]
Overfull \hbox (4.59033pt too wide) in paragraph at lines 214--216
[]\TU/TimesNewRoman(0)/m/n/10 За оценката по метода на максималното правдоподоб
ие $[] \OT1/cmr/m/n/10 = \OML/cmm/m/it/10 X[]$\TU/TimesNewRoman(0)/m/n/10 : За 
да намерим
 []


Overfull \hbox (14.5335pt too wide) in paragraph at lines 230--232
\TU/TimesNewRoman(0)/m/n/10 на извадката обаче, този максимум се доближава все 
повече до истинското $\OML/cmm/m/it/10 ^^R$ \TU/TimesNewRoman(0)/m/n/10 (оценка
та
 []

[7] [8] (lecture.aux) )
Output written on lecture.xdv (8 pages, 120280 bytes).
