**
(lecture.tex
LaTeX2e <2021-11-15> patch level 1
L3 programming layer <2022-02-24> (article.cls
Document Class: article 2021/10/04 v1.4n Standard LaTeX document class
(size10.clo
File: size10.clo 2021/10/04 v1.4n Standard LaTeX file (size option)
)
\c@part=\count181
\c@section=\count182
\c@subsection=\count183
\c@subsubsection=\count184
\c@paragraph=\count185
\c@subparagraph=\count186
\c@figure=\count187
\c@table=\count188
\abovecaptionskip=\skip47
\belowcaptionskip=\skip48
\bibindent=\dimen138
) (fontspec.sty (xparse.sty (expl3.sty
Package: expl3 2022-02-24 L3 programming layer (loader) 
 (l3backend-xetex.def
File: l3backend-xetex.def 2022-02-07 L3 backend support: XeTeX
\c__kernel_sys_dvipdfmx_version_int=\count189
\l__color_backend_stack_int=\count190
\g__color_backend_stack_int=\count191
\g__graphics_track_int=\count192
\l__pdf_internal_box=\box50
\g__pdf_backend_object_int=\count193
\g__pdf_backend_annotation_int=\count194
\g__pdf_backend_link_int=\count195
))
Package: xparse 2022-01-12 L3 Experimental document command parser
)
Package: fontspec 2022/01/15 v2.8a Font selection for XeLaTeX and LuaLaTeX

(fontspec-xetex.sty
Package: fontspec-xetex 2022/01/15 v2.8a Font selection for XeLaTeX and LuaLaTe
X
\l__fontspec_script_int=\count196
\l__fontspec_language_int=\count197
\l__fontspec_strnum_int=\count198
\l__fontspec_tmp_int=\count199
\l__fontspec_tmpa_int=\count266
\l__fontspec_tmpb_int=\count267
\l__fontspec_tmpc_int=\count268
\l__fontspec_em_int=\count269
\l__fontspec_emdef_int=\count270
\l__fontspec_strong_int=\count271
\l__fontspec_strongdef_int=\count272
\l__fontspec_tmpa_dim=\dimen139
\l__fontspec_tmpb_dim=\dimen140
\l__fontspec_tmpc_dim=\dimen141
 (fontenc.sty
Package: fontenc 2021/04/29 v2.0v Standard LaTeX package
) (fontspec.cfg)))

Package fontspec Info: Font family 'TimesNewRoman(0)' created for font 'Times
(fontspec)             New Roman' with options [Ligatures=TeX].
(fontspec)              
(fontspec)              This font family consists of the following NFSS
(fontspec)             series/shapes:
(fontspec)              
(fontspec)             - 'normal' (m/n) with NFSS spec.: <->"Times New
(fontspec)             Roman/OT:script=latn;language=dflt;mapping=tex-text;"
(fontspec)             - 'small caps'  (m/sc) with NFSS spec.: 
(fontspec)             - 'bold' (b/n) with NFSS spec.: <->"Times New
(fontspec)             Roman/B/OT:script=latn;language=dflt;mapping=tex-text;"
(fontspec)             - 'bold small caps'  (b/sc) with NFSS spec.: 
(fontspec)             - 'italic' (m/it) with NFSS spec.: <->"Times New
(fontspec)             Roman/I/OT:script=latn;language=dflt;mapping=tex-text;"
(fontspec)             - 'italic small caps'  (m/scit) with NFSS spec.: 
(fontspec)             - 'bold italic' (b/it) with NFSS spec.: <->"Times New
(fontspec)             Roman/BI/OT:script=latn;language=dflt;mapping=tex-text;"

(fontspec)             - 'bold italic small caps'  (b/scit) with NFSS spec.: 

 (amsmath.sty
Package: amsmath 2021/10/15 v2.17l AMS math features
\@mathmargin=\skip49

For additional information on amsmath, use the `?' option.
(amstext.sty
Package: amstext 2021/08/26 v2.01 AMS text
 (amsgen.sty
File: amsgen.sty 1999/11/30 v2.0 generic functions
\@emptytoks=\toks16
\ex@=\dimen142
)) (amsbsy.sty
Package: amsbsy 1999/11/29 v1.2d Bold Symbols
\pmbraise@=\dimen143
) (amsopn.sty
Package: amsopn 2021/08/26 v2.02 operator names
)
\inf@bad=\count273
LaTeX Info: Redefining \frac on input line 234.
\uproot@=\count274
\leftroot@=\count275
LaTeX Info: Redefining \overline on input line 399.
\classnum@=\count276
\DOTSCASE@=\count277
LaTeX Info: Redefining \ldots on input line 496.
LaTeX Info: Redefining \dots on input line 499.
LaTeX Info: Redefining \cdots on input line 620.
\Mathstrutbox@=\box51
\strutbox@=\box52
\big@size=\dimen144
LaTeX Font Info:    Redeclaring font encoding OML on input line 743.
LaTeX Font Info:    Redeclaring font encoding OMS on input line 744.
\macc@depth=\count278
\c@MaxMatrixCols=\count279
\dotsspace@=\muskip16
\c@parentequation=\count280
\dspbrk@lvl=\count281
\tag@help=\toks17
\row@=\count282
\column@=\count283
\maxfields@=\count284
\andhelp@=\toks18
\eqnshift@=\dimen145
\alignsep@=\dimen146
\tagshift@=\dimen147
\tagwidth@=\dimen148
\totwidth@=\dimen149
\lineht@=\dimen150
\@envbody=\toks19
\multlinegap=\skip50
\multlinetaggap=\skip51
\mathdisplay@stack=\toks20
LaTeX Info: Redefining \[ on input line 2938.
LaTeX Info: Redefining \] on input line 2939.
) (amssymb.sty
Package: amssymb 2013/01/14 v3.01 AMS font symbols

(amsfonts.sty
Package: amsfonts 2013/01/14 v3.01 Basic AMSFonts support
\symAMSa=\mathgroup4
\symAMSb=\mathgroup5
LaTeX Font Info:    Redeclaring math symbol \hbar on input line 98.
LaTeX Font Info:    Overwriting math alphabet `\mathfrak' in version `bold'
(Font)                  U/euf/m/n --> U/euf/b/n on input line 106.
)) (lecture.aux)
\openout1 = `lecture.aux'.

LaTeX Font Info:    Checking defaults for OML/cmm/m/it on input line 8.
LaTeX Font Info:    ... okay on input line 8.
LaTeX Font Info:    Checking defaults for OMS/cmsy/m/n on input line 8.
LaTeX Font Info:    ... okay on input line 8.
LaTeX Font Info:    Checking defaults for OT1/cmr/m/n on input line 8.
LaTeX Font Info:    ... okay on input line 8.
LaTeX Font Info:    Checking defaults for T1/cmr/m/n on input line 8.
LaTeX Font Info:    ... okay on input line 8.
LaTeX Font Info:    Checking defaults for TS1/cmr/m/n on input line 8.
LaTeX Font Info:    Trying to load font information for TS1+cmr on input line 8
.
 (ts1cmr.fd
File: ts1cmr.fd 2019/12/16 v2.5j Standard LaTeX font definitions
)
LaTeX Font Info:    ... okay on input line 8.
LaTeX Font Info:    Checking defaults for TU/lmr/m/n on input line 8.
LaTeX Font Info:    ... okay on input line 8.
LaTeX Font Info:    Checking defaults for OMX/cmex/m/n on input line 8.
LaTeX Font Info:    ... okay on input line 8.
LaTeX Font Info:    Checking defaults for U/cmr/m/n on input line 8.
LaTeX Font Info:    ... okay on input line 8.

Package fontspec Info: Adjusting the maths setup (use [no-math] to avoid
(fontspec)             this).

\symlegacymaths=\mathgroup6
LaTeX Font Info:    Overwriting symbol font `legacymaths' in version `bold'
(Font)                  OT1/cmr/m/n --> OT1/cmr/bx/n on input line 8.
LaTeX Font Info:    Redeclaring math accent \acute on input line 8.
LaTeX Font Info:    Redeclaring math accent \grave on input line 8.
LaTeX Font Info:    Redeclaring math accent \ddot on input line 8.
LaTeX Font Info:    Redeclaring math accent \tilde on input line 8.
LaTeX Font Info:    Redeclaring math accent \bar on input line 8.
LaTeX Font Info:    Redeclaring math accent \breve on input line 8.
LaTeX Font Info:    Redeclaring math accent \check on input line 8.
LaTeX Font Info:    Redeclaring math accent \hat on input line 8.
LaTeX Font Info:    Redeclaring math accent \dot on input line 8.
LaTeX Font Info:    Redeclaring math accent \mathring on input line 8.
LaTeX Font Info:    Redeclaring math symbol \Gamma on input line 8.
LaTeX Font Info:    Redeclaring math symbol \Delta on input line 8.
LaTeX Font Info:    Redeclaring math symbol \Theta on input line 8.
LaTeX Font Info:    Redeclaring math symbol \Lambda on input line 8.
LaTeX Font Info:    Redeclaring math symbol \Xi on input line 8.
LaTeX Font Info:    Redeclaring math symbol \Pi on input line 8.
LaTeX Font Info:    Redeclaring math symbol \Sigma on input line 8.
LaTeX Font Info:    Redeclaring math symbol \Upsilon on input line 8.
LaTeX Font Info:    Redeclaring math symbol \Phi on input line 8.
LaTeX Font Info:    Redeclaring math symbol \Psi on input line 8.
LaTeX Font Info:    Redeclaring math symbol \Omega on input line 8.
LaTeX Font Info:    Redeclaring math symbol \mathdollar on input line 8.
LaTeX Font Info:    Redeclaring symbol font `operators' on input line 8.
LaTeX Font Info:    Encoding `OT1' has changed to `TU' for symbol font
(Font)              `operators' in the math version `normal' on input line 8.
LaTeX Font Info:    Overwriting symbol font `operators' in version `normal'
(Font)                  OT1/cmr/m/n --> TU/TimesNewRoman(0)/m/n on input line 8
.
LaTeX Font Info:    Encoding `OT1' has changed to `TU' for symbol font
(Font)              `operators' in the math version `bold' on input line 8.
LaTeX Font Info:    Overwriting symbol font `operators' in version `bold'
(Font)                  OT1/cmr/bx/n --> TU/TimesNewRoman(0)/m/n on input line 
8.
LaTeX Font Info:    Overwriting symbol font `operators' in version `normal'
(Font)                  TU/TimesNewRoman(0)/m/n --> TU/TimesNewRoman(0)/m/n on 
input line 8.
LaTeX Font Info:    Overwriting math alphabet `\mathit' in version `normal'
(Font)                  OT1/cmr/m/it --> TU/TimesNewRoman(0)/m/it on input line
 8.
LaTeX Font Info:    Overwriting math alphabet `\mathbf' in version `normal'
(Font)                  OT1/cmr/bx/n --> TU/TimesNewRoman(0)/b/n on input line 
8.
LaTeX Font Info:    Overwriting math alphabet `\mathsf' in version `normal'
(Font)                  OT1/cmss/m/n --> TU/lmss/m/n on input line 8.
LaTeX Font Info:    Overwriting math alphabet `\mathtt' in version `normal'
(Font)                  OT1/cmtt/m/n --> TU/lmtt/m/n on input line 8.
LaTeX Font Info:    Overwriting symbol font `operators' in version `bold'
(Font)                  TU/TimesNewRoman(0)/m/n --> TU/TimesNewRoman(0)/b/n on 
input line 8.
LaTeX Font Info:    Overwriting math alphabet `\mathit' in version `bold'
(Font)                  OT1/cmr/bx/it --> TU/TimesNewRoman(0)/b/it on input lin
e 8.
LaTeX Font Info:    Overwriting math alphabet `\mathsf' in version `bold'
(Font)                  OT1/cmss/bx/n --> TU/lmss/b/n on input line 8.
LaTeX Font Info:    Overwriting math alphabet `\mathtt' in version `bold'
(Font)                  OT1/cmtt/m/n --> TU/lmtt/b/n on input line 8.
LaTeX Font Info:    Trying to load font information for U+msa on input line 13.

 (umsa.fd
File: umsa.fd 2013/01/14 v3.01 AMS symbols A
)
LaTeX Font Info:    Trying to load font information for U+msb on input line 13.

 (umsb.fd
File: umsb.fd 2013/01/14 v3.01 AMS symbols B
)
Overfull \hbox (1.08295pt too wide) in paragraph at lines 17--18
\TU/TimesNewRoman(0)/m/n/10 Това са всичките възможни изходи на някакъв експери
мент. Към него разглеждаме
 []


Overfull \hbox (15.87962pt too wide) in paragraph at lines 23--25
\TU/TimesNewRoman(0)/m/n/10 естествен начин ни казва, че вероятността да се пад
не някое от всички възможни
 []


Overfull \hbox (0.7048pt too wide) in paragraph at lines 26--27
[]\TU/TimesNewRoman(0)/b/n/10 Вероятност на противоположното събитие: \TU/Times
NewRoman(0)/m/n/10 Ако събитието $\OML/cmm/m/it/10 A$ \TU/TimesNewRoman(0)/m/n/
10 принадлежи
 []


Overfull \hbox (9.1778pt too wide) in paragraph at lines 29--30
[]\TU/TimesNewRoman(0)/b/n/10 Свойство за изброима адитивност: \TU/TimesNewRoma
n(0)/m/n/10 Ако имаме редица от събития $\OML/cmm/m/it/10 A[]; A[]; [] $
 []


Overfull \hbox (10.42444pt too wide) in paragraph at lines 33--34
\TU/TimesNewRoman(0)/m/n/10 за мярка. Ако искаме да пресметнем общото тегло на 
всички нас, можем да сумираме
 []


Overfull \hbox (8.90425pt too wide) in paragraph at lines 33--34
\TU/TimesNewRoman(0)/m/n/10 теглата на всеки от нас индивидуално, защото телата
 ни не се пресичат. Аналогично,
 []


Overfull \hbox (6.6458pt too wide) in paragraph at lines 33--34
\TU/TimesNewRoman(0)/m/n/10 които попадат в тази част, стига те да не се припок
риват. Грубо казано, вероятността
 []


Overfull \hbox (0.29953pt too wide) in paragraph at lines 33--34
\TU/TimesNewRoman(0)/m/n/10 на изброимо много несечещи се събития е сумата от и
ндивидуалните вероятности.
 []


Overfull \hbox (11.23769pt too wide) in paragraph at lines 35--36
[]\TU/TimesNewRoman(0)/m/n/10 Преди да преминем към следствията, нека въведем е
дна операция над множества.
 []

[1

]
Overfull \hbox (18.93547pt too wide) in paragraph at lines 36--38
\TU/TimesNewRoman(0)/m/n/10 Геометрично, ако начертаем множествата $\OML/cmm/m/
it/10 A$ \TU/TimesNewRoman(0)/m/n/10 и $\OML/cmm/m/it/10 B$\TU/TimesNewRoman(0)
/m/n/10 , $\OML/cmm/m/it/10 A \OMS/cmsy/m/n/10 n \OML/cmm/m/it/10 B$ \TU/TimesN
ewRoman(0)/m/n/10 е сечението на $\OML/cmm/m/it/10 A$ \TU/TimesNewRoman(0)/m/n/
10 с допълнението
 []

[2]
Overfull \hbox (13.89157pt too wide) in paragraph at lines 75--77
\TU/TimesNewRoman(0)/m/n/10 Тези разлики $\OML/cmm/m/it/10 A[] \OMS/cmsy/m/n/10
 n \OML/cmm/m/it/10 A[]$ \TU/TimesNewRoman(0)/m/n/10 са взаимно несечещи се по 
построение. Поради адитивността
 []


Overfull \hbox (22.60294pt too wide) in paragraph at lines 83--84
\TU/TimesNewRoman(0)/m/n/10 Ако $\OML/cmm/m/it/10 A[]; A[]; [] $ \TU/TimesNewRo
man(0)/m/n/10 са произволни събития (не задължително несечещи се), то вероятнос
тта
 []

[3]
Overfull \hbox (17.68951pt too wide) in paragraph at lines 92--95
\TU/TimesNewRoman(0)/m/n/10 Нека сега разгледаме как конкретно се задава вероят
ност, като започнем с дискретната.
 []

[4]
Overfull \hbox (3.81255pt too wide) in paragraph at lines 108--110
\TU/TimesNewRoman(0)/m/n/10 или в байесовата статистика като неинформативно апр
иорно разпределение, когато
 []


Overfull \hbox (0.79814pt too wide) in paragraph at lines 113--115
\TU/TimesNewRoman(0)/m/n/10 Много хора играят с числа от 1 до 31 (поради дати н
а раждане и т.н.). Вероятността
 []


Overfull \hbox (8.0286pt too wide) in paragraph at lines 113--115
\TU/TimesNewRoman(0)/m/n/10 по-малко участници, с които ще се раздели печалбата
. Самата вероятност за печалба
 []


Overfull \hbox (3.12505pt too wide) in paragraph at lines 120--122
\TU/TimesNewRoman(0)/m/n/10 Важен факт: \TU/TimesNewRoman(0)/b/n/10 Не можем да
 дефинираме равномерна вероятност върху изброимо
 []


Overfull \hbox (8.72565pt too wide) in paragraph at lines 130--132
\TU/TimesNewRoman(0)/m/n/10 Това също сумира до 1 благодарение на формулата за 
сума на безкрайна геометрична
 []

[5]
Overfull \hbox (18.42085pt too wide) in paragraph at lines 142--144
\TU/TimesNewRoman(0)/m/n/10 конкретна точка е нула, въпреки че точката е възмож
ен изход. Измерват се вероятности
 []


Overfull \hbox (2.63905pt too wide) in paragraph at lines 142--144
\TU/TimesNewRoman(0)/m/n/10 при методите Монте Карло, където генерираме случайн
и точки и оценяваме площи
 []

[6] [7] (lecture.aux) )
Output written on lecture.xdv (7 pages, 100108 bytes).
