**
(lecture.tex
LaTeX2e <2021-11-15> patch level 1
L3 programming layer <2022-02-24> (article.cls
Document Class: article 2021/10/04 v1.4n Standard LaTeX document class
(size10.clo
File: size10.clo 2021/10/04 v1.4n Standard LaTeX file (size option)
)
\c@part=\count181
\c@section=\count182
\c@subsection=\count183
\c@subsubsection=\count184
\c@paragraph=\count185
\c@subparagraph=\count186
\c@figure=\count187
\c@table=\count188
\abovecaptionskip=\skip47
\belowcaptionskip=\skip48
\bibindent=\dimen138
) (amsmath.sty
Package: amsmath 2021/10/15 v2.17l AMS math features
\@mathmargin=\skip49

For additional information on amsmath, use the `?' option.
(amstext.sty
Package: amstext 2021/08/26 v2.01 AMS text
 (amsgen.sty
File: amsgen.sty 1999/11/30 v2.0 generic functions
\@emptytoks=\toks16
\ex@=\dimen139
)) (amsbsy.sty
Package: amsbsy 1999/11/29 v1.2d Bold Symbols
\pmbraise@=\dimen140
) (amsopn.sty
Package: amsopn 2021/08/26 v2.02 operator names
)
\inf@bad=\count189
LaTeX Info: Redefining \frac on input line 234.
\uproot@=\count190
\leftroot@=\count191
LaTeX Info: Redefining \overline on input line 399.
\classnum@=\count192
\DOTSCASE@=\count193
LaTeX Info: Redefining \ldots on input line 496.
LaTeX Info: Redefining \dots on input line 499.
LaTeX Info: Redefining \cdots on input line 620.
\Mathstrutbox@=\box50
\strutbox@=\box51
\big@size=\dimen141
LaTeX Font Info:    Redeclaring font encoding OML on input line 743.
LaTeX Font Info:    Redeclaring font encoding OMS on input line 744.
\macc@depth=\count194
\c@MaxMatrixCols=\count195
\dotsspace@=\muskip16
\c@parentequation=\count196
\dspbrk@lvl=\count197
\tag@help=\toks17
\row@=\count198
\column@=\count199
\maxfields@=\count266
\andhelp@=\toks18
\eqnshift@=\dimen142
\alignsep@=\dimen143
\tagshift@=\dimen144
\tagwidth@=\dimen145
\totwidth@=\dimen146
\lineht@=\dimen147
\@envbody=\toks19
\multlinegap=\skip50
\multlinetaggap=\skip51
\mathdisplay@stack=\toks20
LaTeX Info: Redefining \[ on input line 2938.
LaTeX Info: Redefining \] on input line 2939.
) (amssymb.sty
Package: amssymb 2013/01/14 v3.01 AMS font symbols

(amsfonts.sty
Package: amsfonts 2013/01/14 v3.01 Basic AMSFonts support
\symAMSa=\mathgroup4
\symAMSb=\mathgroup5
LaTeX Font Info:    Redeclaring math symbol \hbar on input line 98.
LaTeX Font Info:    Overwriting math alphabet `\mathfrak' in version `bold'
(Font)                  U/euf/m/n --> U/euf/b/n on input line 106.
)) (fontspec.sty (xparse.sty (expl3.sty
Package: expl3 2022-02-24 L3 programming layer (loader) 
 (l3backend-xetex.def
File: l3backend-xetex.def 2022-02-07 L3 backend support: XeTeX
\c__kernel_sys_dvipdfmx_version_int=\count267
\l__color_backend_stack_int=\count268
\g__color_backend_stack_int=\count269
\g__graphics_track_int=\count270
\l__pdf_internal_box=\box52
\g__pdf_backend_object_int=\count271
\g__pdf_backend_annotation_int=\count272
\g__pdf_backend_link_int=\count273
))
Package: xparse 2022-01-12 L3 Experimental document command parser
)
Package: fontspec 2022/01/15 v2.8a Font selection for XeLaTeX and LuaLaTeX

(fontspec-xetex.sty
Package: fontspec-xetex 2022/01/15 v2.8a Font selection for XeLaTeX and LuaLaTe
X
\l__fontspec_script_int=\count274
\l__fontspec_language_int=\count275
\l__fontspec_strnum_int=\count276
\l__fontspec_tmp_int=\count277
\l__fontspec_tmpa_int=\count278
\l__fontspec_tmpb_int=\count279
\l__fontspec_tmpc_int=\count280
\l__fontspec_em_int=\count281
\l__fontspec_emdef_int=\count282
\l__fontspec_strong_int=\count283
\l__fontspec_strongdef_int=\count284
\l__fontspec_tmpa_dim=\dimen148
\l__fontspec_tmpb_dim=\dimen149
\l__fontspec_tmpc_dim=\dimen150
 (fontenc.sty
Package: fontenc 2021/04/29 v2.0v Standard LaTeX package
) (fontspec.cfg)))

Package fontspec Info: Font family 'TimesNewRoman(0)' created for font 'Times
(fontspec)             New Roman' with options [Ligatures=TeX].
(fontspec)              
(fontspec)              This font family consists of the following NFSS
(fontspec)             series/shapes:
(fontspec)              
(fontspec)             - 'normal' (m/n) with NFSS spec.: <->"Times New
(fontspec)             Roman/OT:script=latn;language=dflt;mapping=tex-text;"
(fontspec)             - 'small caps'  (m/sc) with NFSS spec.: 
(fontspec)             - 'bold' (b/n) with NFSS spec.: <->"Times New
(fontspec)             Roman/B/OT:script=latn;language=dflt;mapping=tex-text;"
(fontspec)             - 'bold small caps'  (b/sc) with NFSS spec.: 
(fontspec)             - 'italic' (m/it) with NFSS spec.: <->"Times New
(fontspec)             Roman/I/OT:script=latn;language=dflt;mapping=tex-text;"
(fontspec)             - 'italic small caps'  (m/scit) with NFSS spec.: 
(fontspec)             - 'bold italic' (b/it) with NFSS spec.: <->"Times New
(fontspec)             Roman/BI/OT:script=latn;language=dflt;mapping=tex-text;"

(fontspec)             - 'bold italic small caps'  (b/scit) with NFSS spec.: 

 (lecture.aux)
\openout1 = `lecture.aux'.

LaTeX Font Info:    Checking defaults for OML/cmm/m/it on input line 8.
LaTeX Font Info:    ... okay on input line 8.
LaTeX Font Info:    Checking defaults for OMS/cmsy/m/n on input line 8.
LaTeX Font Info:    ... okay on input line 8.
LaTeX Font Info:    Checking defaults for OT1/cmr/m/n on input line 8.
LaTeX Font Info:    ... okay on input line 8.
LaTeX Font Info:    Checking defaults for T1/cmr/m/n on input line 8.
LaTeX Font Info:    ... okay on input line 8.
LaTeX Font Info:    Checking defaults for TS1/cmr/m/n on input line 8.
LaTeX Font Info:    Trying to load font information for TS1+cmr on input line 8
.
 (ts1cmr.fd
File: ts1cmr.fd 2019/12/16 v2.5j Standard LaTeX font definitions
)
LaTeX Font Info:    ... okay on input line 8.
LaTeX Font Info:    Checking defaults for TU/lmr/m/n on input line 8.
LaTeX Font Info:    ... okay on input line 8.
LaTeX Font Info:    Checking defaults for OMX/cmex/m/n on input line 8.
LaTeX Font Info:    ... okay on input line 8.
LaTeX Font Info:    Checking defaults for U/cmr/m/n on input line 8.
LaTeX Font Info:    ... okay on input line 8.

Package fontspec Info: Adjusting the maths setup (use [no-math] to avoid
(fontspec)             this).

\symlegacymaths=\mathgroup6
LaTeX Font Info:    Overwriting symbol font `legacymaths' in version `bold'
(Font)                  OT1/cmr/m/n --> OT1/cmr/bx/n on input line 8.
LaTeX Font Info:    Redeclaring math accent \acute on input line 8.
LaTeX Font Info:    Redeclaring math accent \grave on input line 8.
LaTeX Font Info:    Redeclaring math accent \ddot on input line 8.
LaTeX Font Info:    Redeclaring math accent \tilde on input line 8.
LaTeX Font Info:    Redeclaring math accent \bar on input line 8.
LaTeX Font Info:    Redeclaring math accent \breve on input line 8.
LaTeX Font Info:    Redeclaring math accent \check on input line 8.
LaTeX Font Info:    Redeclaring math accent \hat on input line 8.
LaTeX Font Info:    Redeclaring math accent \dot on input line 8.
LaTeX Font Info:    Redeclaring math accent \mathring on input line 8.
LaTeX Font Info:    Redeclaring math symbol \Gamma on input line 8.
LaTeX Font Info:    Redeclaring math symbol \Delta on input line 8.
LaTeX Font Info:    Redeclaring math symbol \Theta on input line 8.
LaTeX Font Info:    Redeclaring math symbol \Lambda on input line 8.
LaTeX Font Info:    Redeclaring math symbol \Xi on input line 8.
LaTeX Font Info:    Redeclaring math symbol \Pi on input line 8.
LaTeX Font Info:    Redeclaring math symbol \Sigma on input line 8.
LaTeX Font Info:    Redeclaring math symbol \Upsilon on input line 8.
LaTeX Font Info:    Redeclaring math symbol \Phi on input line 8.
LaTeX Font Info:    Redeclaring math symbol \Psi on input line 8.
LaTeX Font Info:    Redeclaring math symbol \Omega on input line 8.
LaTeX Font Info:    Redeclaring math symbol \mathdollar on input line 8.
LaTeX Font Info:    Redeclaring symbol font `operators' on input line 8.
LaTeX Font Info:    Encoding `OT1' has changed to `TU' for symbol font
(Font)              `operators' in the math version `normal' on input line 8.
LaTeX Font Info:    Overwriting symbol font `operators' in version `normal'
(Font)                  OT1/cmr/m/n --> TU/TimesNewRoman(0)/m/n on input line 8
.
LaTeX Font Info:    Encoding `OT1' has changed to `TU' for symbol font
(Font)              `operators' in the math version `bold' on input line 8.
LaTeX Font Info:    Overwriting symbol font `operators' in version `bold'
(Font)                  OT1/cmr/bx/n --> TU/TimesNewRoman(0)/m/n on input line 
8.
LaTeX Font Info:    Overwriting symbol font `operators' in version `normal'
(Font)                  TU/TimesNewRoman(0)/m/n --> TU/TimesNewRoman(0)/m/n on 
input line 8.
LaTeX Font Info:    Overwriting math alphabet `\mathit' in version `normal'
(Font)                  OT1/cmr/m/it --> TU/TimesNewRoman(0)/m/it on input line
 8.
LaTeX Font Info:    Overwriting math alphabet `\mathbf' in version `normal'
(Font)                  OT1/cmr/bx/n --> TU/TimesNewRoman(0)/b/n on input line 
8.
LaTeX Font Info:    Overwriting math alphabet `\mathsf' in version `normal'
(Font)                  OT1/cmss/m/n --> TU/lmss/m/n on input line 8.
LaTeX Font Info:    Overwriting math alphabet `\mathtt' in version `normal'
(Font)                  OT1/cmtt/m/n --> TU/lmtt/m/n on input line 8.
LaTeX Font Info:    Overwriting symbol font `operators' in version `bold'
(Font)                  TU/TimesNewRoman(0)/m/n --> TU/TimesNewRoman(0)/b/n on 
input line 8.
LaTeX Font Info:    Overwriting math alphabet `\mathit' in version `bold'
(Font)                  OT1/cmr/bx/it --> TU/TimesNewRoman(0)/b/it on input lin
e 8.
LaTeX Font Info:    Overwriting math alphabet `\mathsf' in version `bold'
(Font)                  OT1/cmss/bx/n --> TU/lmss/b/n on input line 8.
LaTeX Font Info:    Overwriting math alphabet `\mathtt' in version `bold'
(Font)                  OT1/cmtt/m/n --> TU/lmtt/b/n on input line 8.
LaTeX Font Info:    Trying to load font information for U+msa on input line 13.


(umsa.fd
File: umsa.fd 2013/01/14 v3.01 AMS symbols A
)
LaTeX Font Info:    Trying to load font information for U+msb on input line 13.

 (umsb.fd
File: umsb.fd 2013/01/14 v3.01 AMS symbols B
)
Overfull \hbox (16.97174pt too wide) in paragraph at lines 19--20
\TU/TimesNewRoman(0)/m/n/10 изкуство, което изисква познаване на теорията и се 
овладява най-вече чрез практиката. 
 []


Overfull \hbox (3.36102pt too wide) in paragraph at lines 25--27
\TU/TimesNewRoman(0)/m/n/10 В изчисленията на Галтън коефициентът $\OML/cmm/m/i
t/10 ^^L$ \TU/TimesNewRoman(0)/m/n/10 е бил приблизително $\OT1/cmr/m/n/10 0\OM
L/cmm/m/it/10 :\OT1/cmr/m/n/10 6$\TU/TimesNewRoman(0)/m/n/10 . Това означава,
 []


Overfull \hbox (15.07721pt too wide) in paragraph at lines 28--29
\TU/TimesNewRoman(0)/m/n/10 хора имат тенденцията да имат наследници, чиито пок
азатели са по-близо до средното
 []


Overfull \hbox (18.0487pt too wide) in paragraph at lines 33--35
\TU/TimesNewRoman(0)/m/n/10 където $\OML/cmm/m/it/10 X[]$ \TU/TimesNewRoman(0)/
m/n/10 е предикторът (например ръстът на бащата или дозата на дадено лекарство)
,
 []


Overfull \hbox (19.01274pt too wide) in paragraph at lines 38--39
\TU/TimesNewRoman(0)/m/n/10 Нека разгледаме детерминистичната оптимизационна за
дача, която стои зад линейната
 []


Overfull \hbox (3.56544pt too wide) in paragraph at lines 38--39
\TU/TimesNewRoman(0)/m/n/10 регресия. Имаме дадени $\OML/cmm/m/it/10 n$ \TU/Tim
esNewRoman(0)/m/n/10 на брой наблюдения, представляващи точки в равнината
 []

[1

]
Overfull \hbox (17.98682pt too wide) in paragraph at lines 69--70
[]\TU/TimesNewRoman(0)/m/n/10 Ако заместим $\OML/cmm/m/it/10 b[]$ \TU/TimesNewR
oman(0)/m/n/10 във второто уравнение и извършим алгебричните преобразувания,
 []

[2]
Overfull \hbox (2.62215pt too wide) in paragraph at lines 76--77
\TU/TimesNewRoman(0)/m/n/10 Нека $\OML/cmm/m/it/10 A$ \TU/TimesNewRoman(0)/m/n/
10 е сумата от квадратите на отклоненията на предикторите от тяхното средно: 
 []


Overfull \hbox (12.37051pt too wide) in paragraph at lines 99--100
\TU/TimesNewRoman(0)/m/n/10 статистически. Предикторите $\OML/cmm/m/it/10 X[]$ 
\TU/TimesNewRoman(0)/m/n/10 се считат за детерминистични величини (например
 []


Overfull \hbox (3.36725pt too wide) in paragraph at lines 99--100
\TU/TimesNewRoman(0)/m/n/10 дозата от дадено лекарство, която ние контролираме 
и избираме), докато отклиците
 []


Overfull \hbox (4.8456pt too wide) in paragraph at lines 99--100
\OML/cmm/m/it/10 Y[]$ \TU/TimesNewRoman(0)/m/n/10 са случайни величини. Стохаст
иката в $\OML/cmm/m/it/10 Y[]$ \TU/TimesNewRoman(0)/m/n/10 идва единствено от с
лучайната грешка
 []


Overfull \hbox (9.43268pt too wide) in paragraph at lines 102--104
\TU/TimesNewRoman(0)/m/n/10 За да можем да правим статистически изводи, ние пра
вим няколко силни допускания
 []

[3]
Overfull \hbox (3.84406pt too wide) in paragraph at lines 107--108
[]\TU/TimesNewRoman(0)/b/n/10 Хомоскедастичност (еднаква дисперсия): $\U/msb/m/
n/10 D\OT1/cmr/m/n/10 (\OML/cmm/m/it/10 "[]\OT1/cmr/m/n/10 ) = \OML/cmm/m/it/10
 ^^[[]$ \TU/TimesNewRoman(0)/m/n/10 за всяко $\OML/cmm/m/it/10 k$\TU/TimesNewRo
man(0)/m/n/10 . Грешката
 []


Overfull \hbox (0.62529pt too wide) in paragraph at lines 117--118
\TU/TimesNewRoman(0)/m/n/10 като $\OML/cmm/m/it/10 b[]$ \TU/TimesNewRoman(0)/m/
n/10 и $\OML/cmm/m/it/10 b[]$ \TU/TimesNewRoman(0)/m/n/10 са линейни комбинации
 на нормално разпределени случайни величини
 []


Overfull \hbox (1.08994pt too wide) in paragraph at lines 117--118
\TU/TimesNewRoman(0)/m/n/10 ($\OML/cmm/m/it/10 Y[]$\TU/TimesNewRoman(0)/m/n/10 
), то самите те също ще имат нормално разпределение. Трябва само да намерим
 []


Overfull \hbox (6.82036pt too wide) in paragraph at lines 120--121
\TU/TimesNewRoman(0)/m/n/10 Проверяваме дали оценката $\OML/cmm/m/it/10 b[]$ \T
U/TimesNewRoman(0)/m/n/10 е неизместена (unbiased). Математическото очакване
 []

[4] [5]
Overfull \hbox (4.19716pt too wide) in paragraph at lines 178--180
\TU/TimesNewRoman(0)/m/n/10 Проблемът е, че ние не знаем истинските параметри $
\OML/cmm/m/it/10 ^^L[]$ \TU/TimesNewRoman(0)/m/n/10 и $\OML/cmm/m/it/10 ^^L[]$\
TU/TimesNewRoman(0)/m/n/10 . Можем да ги заместим
 []


Overfull \hbox (12.24821pt too wide) in paragraph at lines 195--196
\TU/TimesNewRoman(0)/m/n/10 нулевата хипотеза $\OML/cmm/m/it/10 H[] \OT1/cmr/m/
n/10 : \OML/cmm/m/it/10 ^^L[] \OT1/cmr/m/n/10 = \OML/cmm/m/it/10 ^^L$\TU/TimesN
ewRoman(0)/m/n/10 , статистиката $\OML/cmm/m/it/10 Z$ \TU/TimesNewRoman(0)/m/n/
10 е стандартно нормално разпределена: 
 []

[6]
Overfull \hbox (6.65598pt too wide) in paragraph at lines 213--215
\TU/TimesNewRoman(0)/m/n/10 При конструиране на критична област и доверителни и
нтервали, вместо квантилите
 []


Overfull \hbox (45.6208pt too wide) in paragraph at lines 213--215
\TU/TimesNewRoman(0)/m/n/10 на нормалното разпределение $\OML/cmm/m/it/10 q[]$\
TU/TimesNewRoman(0)/m/n/10 , трябва да използваме квантилите на $\OML/cmm/m/it/
10 t$\TU/TimesNewRoman(0)/m/n/10 -разпределението
 []


Overfull \hbox (11.3486pt too wide) in paragraph at lines 216--217
\TU/TimesNewRoman(0)/m/n/10 разпределение $\OML/cmm/m/it/10 N\OT1/cmr/m/n/10 (0
\OML/cmm/m/it/10 ; \OT1/cmr/m/n/10 1)$\TU/TimesNewRoman(0)/m/n/10 . В такива сл
учаи можем безопасно да използваме нормалните
 []


Overfull \hbox (11.15422pt too wide) in paragraph at lines 216--217
\TU/TimesNewRoman(0)/m/n/10 квантили $\OML/cmm/m/it/10 q[]$ \TU/TimesNewRoman(0
)/m/n/10 като апроксимация, третирайки статистиката като нормална, просто
 []


Overfull \hbox (16.1345pt too wide) in paragraph at lines 219--221
\TU/TimesNewRoman(0)/m/n/10 Абсолютно същата логика може да се приложи и за тес
тване на хипотеза за пресечната
 []


Overfull \hbox (15.1881pt too wide) in paragraph at lines 229--232
[]\TU/TimesNewRoman(0)/b/n/10 Коментар по Домашно 2: \TU/TimesNewRoman(0)/m/n/1
0 Въпрос: \TU/TimesNewRoman(0)/m/it/10 Ако случайните величини $\OML/cmm/m/it/1
0 X$ \TU/TimesNewRoman(0)/m/it/10 и $\OML/cmm/m/it/10 Y$ \TU/TimesNewRoman(0)/m
/it/10 са независими
 []


Overfull \hbox (5.31671pt too wide) in paragraph at lines 229--232
\OML/cmm/m/it/10 X \OT1/cmr/m/n/10 + \OML/cmm/m/it/10 Y$ \TU/TimesNewRoman(0)/m
/it/10 е независимо от $\OML/cmm/m/it/10 Z$\TU/TimesNewRoman(0)/m/it/10 ? \TU/T
imesNewRoman(0)/m/n/10 Отговор: Разбира се, не е задължително да е независимо.
 []

[7] [8] (lecture.aux) )
Output written on lecture.xdv (8 pages, 111216 bytes).
