**
(lecture.tex
LaTeX2e <2021-11-15> patch level 1
L3 programming layer <2022-02-24> (article.cls
Document Class: article 2021/10/04 v1.4n Standard LaTeX document class
(size10.clo
File: size10.clo 2021/10/04 v1.4n Standard LaTeX file (size option)
)
\c@part=\count181
\c@section=\count182
\c@subsection=\count183
\c@subsubsection=\count184
\c@paragraph=\count185
\c@subparagraph=\count186
\c@figure=\count187
\c@table=\count188
\abovecaptionskip=\skip47
\belowcaptionskip=\skip48
\bibindent=\dimen138
) (amsmath.sty
Package: amsmath 2021/10/15 v2.17l AMS math features
\@mathmargin=\skip49

For additional information on amsmath, use the `?' option.
(amstext.sty
Package: amstext 2021/08/26 v2.01 AMS text
 (amsgen.sty
File: amsgen.sty 1999/11/30 v2.0 generic functions
\@emptytoks=\toks16
\ex@=\dimen139
)) (amsbsy.sty
Package: amsbsy 1999/11/29 v1.2d Bold Symbols
\pmbraise@=\dimen140
) (amsopn.sty
Package: amsopn 2021/08/26 v2.02 operator names
)
\inf@bad=\count189
LaTeX Info: Redefining \frac on input line 234.
\uproot@=\count190
\leftroot@=\count191
LaTeX Info: Redefining \overline on input line 399.
\classnum@=\count192
\DOTSCASE@=\count193
LaTeX Info: Redefining \ldots on input line 496.
LaTeX Info: Redefining \dots on input line 499.
LaTeX Info: Redefining \cdots on input line 620.
\Mathstrutbox@=\box50
\strutbox@=\box51
\big@size=\dimen141
LaTeX Font Info:    Redeclaring font encoding OML on input line 743.
LaTeX Font Info:    Redeclaring font encoding OMS on input line 744.
\macc@depth=\count194
\c@MaxMatrixCols=\count195
\dotsspace@=\muskip16
\c@parentequation=\count196
\dspbrk@lvl=\count197
\tag@help=\toks17
\row@=\count198
\column@=\count199
\maxfields@=\count266
\andhelp@=\toks18
\eqnshift@=\dimen142
\alignsep@=\dimen143
\tagshift@=\dimen144
\tagwidth@=\dimen145
\totwidth@=\dimen146
\lineht@=\dimen147
\@envbody=\toks19
\multlinegap=\skip50
\multlinetaggap=\skip51
\mathdisplay@stack=\toks20
LaTeX Info: Redefining \[ on input line 2938.
LaTeX Info: Redefining \] on input line 2939.
) (amssymb.sty
Package: amssymb 2013/01/14 v3.01 AMS font symbols

(amsfonts.sty
Package: amsfonts 2013/01/14 v3.01 Basic AMSFonts support
\symAMSa=\mathgroup4
\symAMSb=\mathgroup5
LaTeX Font Info:    Redeclaring math symbol \hbar on input line 98.
LaTeX Font Info:    Overwriting math alphabet `\mathfrak' in version `bold'
(Font)                  U/euf/m/n --> U/euf/b/n on input line 106.
)) (fontspec.sty (xparse.sty (expl3.sty
Package: expl3 2022-02-24 L3 programming layer (loader) 
 (l3backend-xetex.def
File: l3backend-xetex.def 2022-02-07 L3 backend support: XeTeX
\c__kernel_sys_dvipdfmx_version_int=\count267
\l__color_backend_stack_int=\count268
\g__color_backend_stack_int=\count269
\g__graphics_track_int=\count270
\l__pdf_internal_box=\box52
\g__pdf_backend_object_int=\count271
\g__pdf_backend_annotation_int=\count272
\g__pdf_backend_link_int=\count273
))
Package: xparse 2022-01-12 L3 Experimental document command parser
)
Package: fontspec 2022/01/15 v2.8a Font selection for XeLaTeX and LuaLaTeX

(fontspec-xetex.sty
Package: fontspec-xetex 2022/01/15 v2.8a Font selection for XeLaTeX and LuaLaTe
X
\l__fontspec_script_int=\count274
\l__fontspec_language_int=\count275
\l__fontspec_strnum_int=\count276
\l__fontspec_tmp_int=\count277
\l__fontspec_tmpa_int=\count278
\l__fontspec_tmpb_int=\count279
\l__fontspec_tmpc_int=\count280
\l__fontspec_em_int=\count281
\l__fontspec_emdef_int=\count282
\l__fontspec_strong_int=\count283
\l__fontspec_strongdef_int=\count284
\l__fontspec_tmpa_dim=\dimen148
\l__fontspec_tmpb_dim=\dimen149
\l__fontspec_tmpc_dim=\dimen150
 (fontenc.sty
Package: fontenc 2021/04/29 v2.0v Standard LaTeX package
) (fontspec.cfg)))

Package fontspec Info: Font family 'TimesNewRoman(0)' created for font 'Times
(fontspec)             New Roman' with options [Ligatures=TeX].
(fontspec)              
(fontspec)              This font family consists of the following NFSS
(fontspec)             series/shapes:
(fontspec)              
(fontspec)             - 'normal' (m/n) with NFSS spec.: <->"Times New
(fontspec)             Roman/OT:script=latn;language=dflt;mapping=tex-text;"
(fontspec)             - 'small caps'  (m/sc) with NFSS spec.: 
(fontspec)             - 'bold' (b/n) with NFSS spec.: <->"Times New
(fontspec)             Roman/B/OT:script=latn;language=dflt;mapping=tex-text;"
(fontspec)             - 'bold small caps'  (b/sc) with NFSS spec.: 
(fontspec)             - 'italic' (m/it) with NFSS spec.: <->"Times New
(fontspec)             Roman/I/OT:script=latn;language=dflt;mapping=tex-text;"
(fontspec)             - 'italic small caps'  (m/scit) with NFSS spec.: 
(fontspec)             - 'bold italic' (b/it) with NFSS spec.: <->"Times New
(fontspec)             Roman/BI/OT:script=latn;language=dflt;mapping=tex-text;"

(fontspec)             - 'bold italic small caps'  (b/scit) with NFSS spec.: 

 (lecture.aux)
\openout1 = `lecture.aux'.

LaTeX Font Info:    Checking defaults for OML/cmm/m/it on input line 8.
LaTeX Font Info:    ... okay on input line 8.
LaTeX Font Info:    Checking defaults for OMS/cmsy/m/n on input line 8.
LaTeX Font Info:    ... okay on input line 8.
LaTeX Font Info:    Checking defaults for OT1/cmr/m/n on input line 8.
LaTeX Font Info:    ... okay on input line 8.
LaTeX Font Info:    Checking defaults for T1/cmr/m/n on input line 8.
LaTeX Font Info:    ... okay on input line 8.
LaTeX Font Info:    Checking defaults for TS1/cmr/m/n on input line 8.
LaTeX Font Info:    Trying to load font information for TS1+cmr on input line 8
.
 (ts1cmr.fd
File: ts1cmr.fd 2019/12/16 v2.5j Standard LaTeX font definitions
)
LaTeX Font Info:    ... okay on input line 8.
LaTeX Font Info:    Checking defaults for TU/lmr/m/n on input line 8.
LaTeX Font Info:    ... okay on input line 8.
LaTeX Font Info:    Checking defaults for OMX/cmex/m/n on input line 8.
LaTeX Font Info:    ... okay on input line 8.
LaTeX Font Info:    Checking defaults for U/cmr/m/n on input line 8.
LaTeX Font Info:    ... okay on input line 8.

Package fontspec Info: Adjusting the maths setup (use [no-math] to avoid
(fontspec)             this).

\symlegacymaths=\mathgroup6
LaTeX Font Info:    Overwriting symbol font `legacymaths' in version `bold'
(Font)                  OT1/cmr/m/n --> OT1/cmr/bx/n on input line 8.
LaTeX Font Info:    Redeclaring math accent \acute on input line 8.
LaTeX Font Info:    Redeclaring math accent \grave on input line 8.
LaTeX Font Info:    Redeclaring math accent \ddot on input line 8.
LaTeX Font Info:    Redeclaring math accent \tilde on input line 8.
LaTeX Font Info:    Redeclaring math accent \bar on input line 8.
LaTeX Font Info:    Redeclaring math accent \breve on input line 8.
LaTeX Font Info:    Redeclaring math accent \check on input line 8.
LaTeX Font Info:    Redeclaring math accent \hat on input line 8.
LaTeX Font Info:    Redeclaring math accent \dot on input line 8.
LaTeX Font Info:    Redeclaring math accent \mathring on input line 8.
LaTeX Font Info:    Redeclaring math symbol \Gamma on input line 8.
LaTeX Font Info:    Redeclaring math symbol \Delta on input line 8.
LaTeX Font Info:    Redeclaring math symbol \Theta on input line 8.
LaTeX Font Info:    Redeclaring math symbol \Lambda on input line 8.
LaTeX Font Info:    Redeclaring math symbol \Xi on input line 8.
LaTeX Font Info:    Redeclaring math symbol \Pi on input line 8.
LaTeX Font Info:    Redeclaring math symbol \Sigma on input line 8.
LaTeX Font Info:    Redeclaring math symbol \Upsilon on input line 8.
LaTeX Font Info:    Redeclaring math symbol \Phi on input line 8.
LaTeX Font Info:    Redeclaring math symbol \Psi on input line 8.
LaTeX Font Info:    Redeclaring math symbol \Omega on input line 8.
LaTeX Font Info:    Redeclaring math symbol \mathdollar on input line 8.
LaTeX Font Info:    Redeclaring symbol font `operators' on input line 8.
LaTeX Font Info:    Encoding `OT1' has changed to `TU' for symbol font
(Font)              `operators' in the math version `normal' on input line 8.
LaTeX Font Info:    Overwriting symbol font `operators' in version `normal'
(Font)                  OT1/cmr/m/n --> TU/TimesNewRoman(0)/m/n on input line 8
.
LaTeX Font Info:    Encoding `OT1' has changed to `TU' for symbol font
(Font)              `operators' in the math version `bold' on input line 8.
LaTeX Font Info:    Overwriting symbol font `operators' in version `bold'
(Font)                  OT1/cmr/bx/n --> TU/TimesNewRoman(0)/m/n on input line 
8.
LaTeX Font Info:    Overwriting symbol font `operators' in version `normal'
(Font)                  TU/TimesNewRoman(0)/m/n --> TU/TimesNewRoman(0)/m/n on 
input line 8.
LaTeX Font Info:    Overwriting math alphabet `\mathit' in version `normal'
(Font)                  OT1/cmr/m/it --> TU/TimesNewRoman(0)/m/it on input line
 8.
LaTeX Font Info:    Overwriting math alphabet `\mathbf' in version `normal'
(Font)                  OT1/cmr/bx/n --> TU/TimesNewRoman(0)/b/n on input line 
8.
LaTeX Font Info:    Overwriting math alphabet `\mathsf' in version `normal'
(Font)                  OT1/cmss/m/n --> TU/lmss/m/n on input line 8.
LaTeX Font Info:    Overwriting math alphabet `\mathtt' in version `normal'
(Font)                  OT1/cmtt/m/n --> TU/lmtt/m/n on input line 8.
LaTeX Font Info:    Overwriting symbol font `operators' in version `bold'
(Font)                  TU/TimesNewRoman(0)/m/n --> TU/TimesNewRoman(0)/b/n on 
input line 8.
LaTeX Font Info:    Overwriting math alphabet `\mathit' in version `bold'
(Font)                  OT1/cmr/bx/it --> TU/TimesNewRoman(0)/b/it on input lin
e 8.
LaTeX Font Info:    Overwriting math alphabet `\mathsf' in version `bold'
(Font)                  OT1/cmss/bx/n --> TU/lmss/b/n on input line 8.
LaTeX Font Info:    Overwriting math alphabet `\mathtt' in version `bold'
(Font)                  OT1/cmtt/m/n --> TU/lmtt/b/n on input line 8.
LaTeX Font Info:    Trying to load font information for U+msa on input line 13.


(umsa.fd
File: umsa.fd 2013/01/14 v3.01 AMS symbols A
)
LaTeX Font Info:    Trying to load font information for U+msb on input line 13.

 (umsb.fd
File: umsb.fd 2013/01/14 v3.01 AMS symbols B
)
Overfull \hbox (0.77376pt too wide) in paragraph at lines 15--16
[]\TU/TimesNewRoman(0)/m/n/10 Разполагаме с извадка $[] \OT1/cmr/m/n/10 = (\OML
/cmm/m/it/10 X[]; [] ; X[]\OT1/cmr/m/n/10 )$ \TU/TimesNewRoman(0)/m/n/10 от наб
людения. На базата на данните
 []


Overfull \hbox (7.36888pt too wide) in paragraph at lines 17--18
\TU/TimesNewRoman(0)/m/n/10 хубава гаранция, че с голяма вероятност това число 
е близо до истинския параметър,
 []


Overfull \hbox (13.07948pt too wide) in paragraph at lines 27--28
[]\TU/TimesNewRoman(0)/m/n/10 Много е важно да се отбележи къде точно се крие с
тохастичността (случайността)
 []


Overfull \hbox (4.24432pt too wide) in paragraph at lines 27--28
\TU/TimesNewRoman(0)/m/n/10 в това неравенство. Истинското $\OML/cmm/m/it/10 ^^
R$ \TU/TimesNewRoman(0)/m/n/10 не е случайно – то е някакъв фиксиран, обективно

 []

[1

]
Overfull \hbox (17.20407pt too wide) in paragraph at lines 37--38
\TU/TimesNewRoman(0)/m/n/10 Тоест, въпреки че самата функция $\OML/cmm/m/it/10 
T$ \TU/TimesNewRoman(0)/m/n/10 зависи от две променливи (вектора от наблюдения
 []


Overfull \hbox (7.62212pt too wide) in paragraph at lines 40--41
\TU/TimesNewRoman(0)/m/n/10 Как тази централна статистика ни позволява да конст
руираме доверителен интервал
 []


Overfull \hbox (6.21992pt too wide) in paragraph at lines 48--49
[]\TU/TimesNewRoman(0)/m/n/10 Най-често $\OML/cmm/m/it/10 q[]$ \TU/TimesNewRoma
n(0)/m/n/10 и $\OML/cmm/m/it/10 q[]$ \TU/TimesNewRoman(0)/m/n/10 се избират так
а, че грешката да е симетрична – тоест остатъкът
 []


Overfull \hbox (4.5754pt too wide) in paragraph at lines 62--64
\TU/TimesNewRoman(0)/m/n/10 Тъй като $\OML/cmm/m/it/10 T$ \TU/TimesNewRoman(0)/
m/n/10 е монотонна функция по $\OML/cmm/m/it/10 ^^R$ \TU/TimesNewRoman(0)/m/n/1
0 (нека допуснем, че е монотонно намаляваща),
 []

[2]
Overfull \hbox (26.02849pt too wide) in paragraph at lines 76--77
[]\TU/TimesNewRoman(0)/m/n/10 Знаем, че точковата оценка за $\OML/cmm/m/it/10 ^
^V$\TU/TimesNewRoman(0)/m/n/10 , която е оптимална (както по метода на максимал
ното
 []


Overfull \hbox (16.53783pt too wide) in paragraph at lines 76--77
\TU/TimesNewRoman(0)/m/n/10 правдоподобие, така и по метода на моментите), е ср
едното аритметично на извадката: 
 []


Overfull \hbox (14.95937pt too wide) in paragraph at lines 79--81
\TU/TimesNewRoman(0)/m/n/10 Тъй като сума от нормални случайни величини е отнов
о нормална случайна величина,
 []


Overfull \hbox (2.28676pt too wide) in paragraph at lines 83--85
\TU/TimesNewRoman(0)/m/n/10 За да конструираме централна статистика, центрираме
 $[]$ като извадим средното
 []


Overfull \hbox (6.85399pt too wide) in paragraph at lines 87--89
\TU/TimesNewRoman(0)/m/n/10 линейна функция на $\OML/cmm/m/it/10 ^^V$ \TU/Times
NewRoman(0)/m/n/10 с отрицателен коефициент) и разпределението ѝ е стандартно
 []

[3]
Overfull \hbox (19.60042pt too wide) in paragraph at lines 119--120
\TU/TimesNewRoman(0)/m/n/10 един параметър $\OML/cmm/m/it/10 ^^V$\TU/TimesNewRo
man(0)/m/n/10 , който ни интересува и за който искаме да конструираме доверител
ен
 []


Overfull \hbox (2.84642pt too wide) in paragraph at lines 127--129
\TU/TimesNewRoman(0)/m/n/10 където $\OML/cmm/m/it/10 S[] \OT1/cmr/m/n/10 = [] [
][](\OML/cmm/m/it/10 X[] \OMS/cmsy/m/n/10 ^^@ [][]\OT1/cmr/m/n/10 )[]$ \TU/Time
sNewRoman(0)/m/n/10 е неизместената точкова оценка за дисперсията. 
 []


Overfull \hbox (38.14598pt too wide) in paragraph at lines 141--143
[]\TU/TimesNewRoman(0)/m/it/10 Интуитивно обяснение на разпределението на $\OML
/cmm/m/it/10 S[]$\TU/TimesNewRoman(0)/m/it/10 : \TU/TimesNewRoman(0)/m/n/10 Нек
а разгледаме стандартизираните
 []

[4]
Overfull \hbox (5.21658pt too wide) in paragraph at lines 145--147
\TU/TimesNewRoman(0)/m/n/10 След чисто алгебрични преобразувания, прибавяйки и 
изваждайки $[][]$ в числителя,
 []


Overfull \hbox (4.51585pt too wide) in paragraph at lines 153--155
\TU/TimesNewRoman(0)/m/n/10 Вече знаем, че $\OML/cmm/m/it/10 Z[] \OT1/cmr/m/n/1
0 = []$ \TU/TimesNewRoman(0)/m/n/10 е стандартно нормално $\OML/cmm/m/it/10 N\O
T1/cmr/m/n/10 (0\OML/cmm/m/it/10 ; \OT1/cmr/m/n/10 1)$\TU/TimesNewRoman(0)/m/n/
10 , следователно квадратът
 []


Overfull \hbox (10.22008pt too wide) in paragraph at lines 159--161
\TU/TimesNewRoman(0)/m/n/10 За да намерим разпределението на $\OML/cmm/m/it/10 
T[]$\TU/TimesNewRoman(0)/m/n/10 , можем да извършим следната еквилибристика
 []

[5]
Overfull \hbox (4.01047pt too wide) in paragraph at lines 183--185
\TU/TimesNewRoman(0)/m/n/10 разпределението при големи степени на свобода на пр
актика съвпадат с квантилите
 []


Overfull \hbox (7.94916pt too wide) in paragraph at lines 186--188
\OML/cmm/m/it/10 DX \OT1/cmr/m/n/10 = \OML/cmm/m/it/10 ^^[[]$\TU/TimesNewRoman(
0)/m/n/10 , то при голямо $\OML/cmm/m/it/10 n$\TU/TimesNewRoman(0)/m/n/10 , ста
тистиката $\OML/cmm/m/it/10 T[] \OT1/cmr/m/n/10 = []$ \TU/TimesNewRoman(0)/m/n/
10 е приблизително разпределена
 []


Overfull \hbox (26.77751pt too wide) in paragraph at lines 186--188
\TU/TimesNewRoman(0)/m/n/10 като $\OML/cmm/m/it/10 N\OT1/cmr/m/n/10 (0\OML/cmm/
m/it/10 ; \OT1/cmr/m/n/10 1)$\TU/TimesNewRoman(0)/m/n/10 . Това е силата на мат
ематиката – не е нужно да знаем точното разпределение
 []


Overfull \hbox (25.36595pt too wide) in paragraph at lines 186--188
\TU/TimesNewRoman(0)/m/n/10 на данните (дали е експоненциално, поасоново или ня
какво друго), стига да разполагаме
 []


Overfull \hbox (22.66896pt too wide) in paragraph at lines 186--188
\OML/cmm/m/it/10 T[]$ \TU/TimesNewRoman(0)/m/n/10 като стандартно нормално разп
ределение и да конструираме доверителни интервали
 []


Overfull \hbox (35.9945pt too wide) in paragraph at lines 191--192
\TU/TimesNewRoman(0)/m/n/10 При проверката на статистически хипотези формулирам
е твърдения относно неизвестните
 []


Overfull \hbox (12.5044pt too wide) in paragraph at lines 196--198
\TU/TimesNewRoman(0)/m/n/10 За да вземем решение коя хипотеза да приемем на баз
ата на извадката $[]$, дефинираме
 []


Overfull \hbox (5.93275pt too wide) in paragraph at lines 196--198
\TU/TimesNewRoman(0)/m/n/10 подмножество на пространството на извадките $\OML/c
mm/m/it/10 W \OMS/cmsy/m/n/10 ^^R \U/msb/m/n/10 R[]$\TU/TimesNewRoman(0)/m/n/10
 , което наричаме \TU/TimesNewRoman(0)/b/n/10 критична
 []

[6]
Overfull \hbox (3.66054pt too wide) in paragraph at lines 223--224
\TU/TimesNewRoman(0)/m/n/10 Тази лема ни дава мощен инструмент за намиране на н
ай-мощната критична област
 []

[7] [8]
Overfull \hbox (13.3864pt too wide) in paragraph at lines 292--294
\TU/TimesNewRoman(0)/m/n/10 Нека означим дясната страна с $\OML/cmm/m/it/10 q[]
$\TU/TimesNewRoman(0)/m/n/10 , което е квантилът на нормалното разпределение,
 []

[9] [10] (lecture.aux) )
Output written on lecture.xdv (10 pages, 158472 bytes).
