================ LECTURE 02 (RQSHAmIEfIw) 03:42:03 ================
[02] already complete, skipping.
================ LECTURE 03 (XM_pVeB1eRY) 03:42:04 ================
[03] already complete, skipping.
================ LECTURE 04 (cCsbGZM5wUw) 03:42:04 ================
[04] already complete, skipping.
================ LECTURE 05 (4r9wVpFZDo4) 03:42:04 ================
[05] already complete, skipping.
================ LECTURE 06 (KcDJVJTwZv8) 03:42:04 ================
[06] already complete, skipping.
================ LECTURE 07 (lnwCch8jkxA) 03:42:04 ================
[07] already complete, skipping.
================ LECTURE 08 (h-nB0-tuVok) 03:42:04 ================
[08] already complete, skipping.
================ LECTURE 09 (6mef5l5a8FA) 03:42:04 ================
[09] downloading (attempt 1)...
[09] ASR...
[09] detect...
[09] track...
[09] keyframes: 36
[09] OCR (36 frames)...
[09] ocr json: 36/36
[09] align...
[09] verify...
[09] generate...
[09] DONE -> run/lecture_09/latex/lecture.pdf
================ LECTURE 10 (FX9JXSf8ohs) 04:04:34 ================
[10] ASR...
[10] detect...
[10] track...
[10] keyframes: 27
[10] OCR (27 frames)...
[10] ocr json: 27/27
[10] align...
[10] verify...
[10] generate...
[10] DONE -> run/lecture_10/latex/lecture.pdf
================ LECTURE 11 (nwAhkK625HE) 04:18:43 ================
[11] downloading (attempt 1)...
[11] ASR...
[11] detect...
[11] track...
[11] keyframes: 19
[11] OCR (19 frames)...
[11] ocr json: 19/19
[11] align...
[11] verify...
[11] generate...
[11] DONE -> run/lecture_11/latex/lecture.pdf
================ LECTURE 12 (zeV2-9WcdWY) 04:33:25 ================
[12] downloading (attempt 1)...
[12] ASR...
[12] detect...
[12] track...
[12] keyframes: 21
[12] OCR (21 frames)...
[12] ocr json: 20/21
[12] align...
[12] verify...
[12] generate...
[12] DONE -> run/lecture_12/latex/lecture.pdf
================ LECTURE 13 (X6Q62jwcrYQ) 04:53:05 ================
[13] downloading (attempt 1)...
[13] ASR...
[13] detect...
[13] track...
[13] keyframes: 33
[13] OCR (33 frames)...
[13] ocr json: 33/33
[13] align...
[13] verify...
[13] generate...
[13] DONE -> run/lecture_13/latex/lecture.pdf
================ LECTURE 14 (UXMbftZ1cQA) 05:18:12 ================
[14] downloading (attempt 1)...
[14] ASR...
[14] detect...
[14] track...
[14] keyframes: 48
[14] OCR (48 frames)...
[14] ocr json: 48/48
[14] align...
[14] verify...
[14] generate...
[14] DONE -> run/lecture_14/latex/lecture.pdf
================ LECTURE 15 (-apJjvlA07E) 05:38:11 ================
[15] downloading (attempt 1)...
[15] ASR...
[15] detect...
[15] track...
[15] keyframes: 62
[15] OCR (62 frames)...
[15] ocr json: 62/62
[15] align...
[15] verify...
[15] generate...
[15] DONE -> run/lecture_15/latex/lecture.pdf
================ BATCH COMPLETE 05:58:55 ================
